mmc.c:1467:12:mmc_set_ios	0	static
mmc.c:840:12:mmc_set_capacity	24	static
mmc.c:39:12:board_mmc_getwp	0	static
mmc.c:44:5:mmc_getwp	8	static
mmc.c:60:12:board_mmc_getcd	0	static
mmc.c:135:13:mmc_mode_name	0	static
mmc.c:195:5:mmc_send_cmd	0	static
mmc.c:704:12:mmc_send_ext_csd	56	static
mmc.c:1701:12:mmc_read_and_compare_ext_csd	592	static
mmc.c:452:12:mmc_go_idle	40	static
mmc.c:615:12:mmc_send_op_cond_iter	40	static
mmc.c:207:5:mmc_send_status	56	static
mmc.c:252:5:mmc_set_blocklen	48	static
mmc.c:398:7:mmc_bread	80	static
mmc.c:725:5:mmc_switch	48	static
mmc.c:1928:12:mmc_startup_v4	616	static
mmc.c:755:12:mmc_set_card_speed	592	static
mmc.c:900:5:mmc_switch_part	24	static
mmc.c:925:5:mmc_hwpart_config	640	static
mmc.c:1121:5:mmc_getcd	8	static
mmc.c:1478:5:mmc_set_clock	0	static
mmc.c:2126:12:mmc_startup	440	static
mmc.c:1509:6:mmc_dump_capabilities	0	static
mmc.c:2396:13:board_mmc_power_init	0	static
mmc.c:2494:5:mmc_get_op_cond	56	static
mmc.c:2578:5:mmc_start_init	8	static
mmc.c:2632:5:mmc_init	16	static
mmc.c:2657:5:mmc_set_dsr	0	static
mmc.c:2664:12:cpu_mmc_init	0	static
mmc.c:2670:12:board_mmc_init	0	static
mmc.c:2675:6:mmc_set_preinit	0	static
mmc.c:2719:5:mmc_initialize	8	static
