efi_file.c:530:28:efi_file_flush	8	static
efi_file.c:520:28:efi_file_setinfo	8	static
efi_file.c:379:28:efi_file_getpos	16	static
efi_file.c:394:28:efi_file_setpos	16	static
efi_file.c:223:28:efi_file_delete	8	static
efi_file.c:49:12:set_blk_dev.isra.0	0	static
efi_file.c:433:28:efi_file_getinfo	152	static
efi_file.c:351:28:efi_file_write	56	static
efi_file.c:318:28:efi_file_read	64	static
efi_file.c:132:32:file_open	40	static
efi_file.c:594:1:efi_open_volume	24	static
efi_file.c:193:28:efi_file_open	24	static
efi_file.c:216:28:efi_file_close	8	static
efi_file.c:550:25:efi_file_from_path	56	static
efi_file.c:607:1:efi_simple_file_system	24	static
