efi_boottime.c:563:21:efi_is_event	0	static
efi_boottime.c:132:20:indent_string	16	static
efi_boottime.c:78:5:__efi_entry_check	0	static
efi_boottime.c:90:5:__efi_exit_check	0	static
efi_boottime.c:170:13:efi_queue_event	8	static
efi_boottime.c:2482:20:efi_set_mem	16	static
efi_boottime.c:2463:20:efi_copy_mem	16	static
efi_boottime.c:2443:28:efi_calculate_crc32	16	static
efi_boottime.c:1959:28:efi_set_watchdog_timer	8	static
efi_boottime.c:1938:28:efi_stall	8	static
efi_boottime.c:1918:28:efi_get_next_monotonic_count	16	static
efi_boottime.c:1687:28:efi_start_image	24	static
efi_boottime.c:1238:28:efi_register_protocol_notify	8	static
efi_boottime.c:888:28:efi_close_event	16	static
efi_boottime.c:413:28:efi_free_pool_ext	8	static
efi_boottime.c:391:28:efi_allocate_pool_ext	16	static
efi_boottime.c:362:28:efi_get_memory_map_ext	24	static
efi_boottime.c:336:28:efi_free_pages_ext	16	static
efi_boottime.c:313:28:efi_allocate_pages_ext	16	static
efi_boottime.c:256:29:efi_raise_tpl	16	static
efi_boottime.c:100:6:efi_save_gd	0	static
efi_boottime.c:112:6:efi_restore_gd	0	static
efi_boottime.c:1755:28:efi_exit	8	static
efi_boottime.c:141:13:__efi_nesting	0	static
efi_boottime.c:146:13:__efi_nesting_inc	0	static
efi_boottime.c:151:13:__efi_nesting_dec	0	static
efi_boottime.c:189:14:is_valid_tpl	0	static
efi_boottime.c:213:6:efi_signal_event	24	static
efi_boottime.c:1845:28:efi_exit_boot_services	24	static
efi_boottime.c:868:28:efi_signal_event_ext	16	static
efi_boottime.c:428:6:efi_add_handle	0	static
efi_boottime.c:443:14:efi_create_handle	8	static
efi_boottime.c:592:14:efi_create_event	24	static
efi_boottime.c:655:21:efi_create_event_ex	24	static
efi_boottime.c:684:28:efi_create_event_ext	24	static
efi_boottime.c:706:6:efi_timer_check	24	static
efi_boottime.c:912:28:efi_check_event	16	static
efi_boottime.c:809:28:efi_wait_for_event	32	static
efi_boottime.c:281:20:efi_restore_tpl	8	static
efi_boottime.c:743:14:efi_set_timer	32	static
efi_boottime.c:788:28:efi_set_timer_ext	16	static
efi_boottime.c:934:20:efi_search_obj	0	static
efi_boottime.c:465:14:efi_search_protocol	24	static
efi_boottime.c:498:14:efi_remove_protocol	24	static
efi_boottime.c:2205:28:efi_locate_protocol	32	static
efi_boottime.c:2032:28:efi_open_protocol_information	32	static
efi_boottime.c:1983:28:efi_close_protocol	24	static
efi_boottime.c:1292:21:efi_locate_handle	32	static
efi_boottime.c:2159:28:efi_locate_handle_buffer	48	static
efi_boottime.c:2248:28:efi_locate_device_path	64	static
efi_boottime.c:1364:28:efi_locate_handle_ext	24	static
efi_boottime.c:523:14:efi_remove_all_protocols	16	static
efi_boottime.c:548:6:efi_delete_handle	8	static
efi_boottime.c:2095:28:efi_protocols_per_handle	24	static
efi_boottime.c:2600:28:efi_open_protocol	48	static
efi_boottime.c:2970:28:efi_disconnect_controller	56	static
efi_boottime.c:1140:21:efi_disconnect_all_drivers	32	static
efi_boottime.c:2681:21:efi_bind_controller	40	static
efi_boottime.c:2665:28:efi_handle_protocol	16	static
efi_boottime.c:2799:28:efi_connect_controller	56	static
efi_boottime.c:1802:28:efi_unload_image	8	static
efi_boottime.c:1180:28:efi_uninstall_protocol_interface	32	static
efi_boottime.c:989:14:efi_add_protocol	24	static
efi_boottime.c:1030:28:efi_install_protocol_interface	16	static
efi_boottime.c:2385:28:efi_uninstall_multiple_protocol_interfaces	24	static
efi_boottime.c:2326:28:efi_install_multiple_protocol_interfaces	32	static
efi_boottime.c:2867:28:efi_reinstall_protocol_interface	24	static
efi_boottime.c:1403:14:efi_install_configuration_table	32	static
efi_boottime.c:1463:28:efi_install_configuration_table_ext	8	static
efi_boottime.c:1482:14:efi_setup_loaded_image	16	static
efi_boottime.c:1542:14:efi_load_image_from_path	40	static
efi_boottime.c:1600:28:efi_load_image	48	static
efi_boottime.c:3129:14:efi_initialize_system_table	16	static
