fat.c:29:13:downcase	0	static
fat.c:44:12:disk_read	16	static
fat.c:161:14:get_fatent	24	static
fat.c:763:19:next_dent	16	static
fat.c:246:1:get_cluster	40	dynamic
fat.c:480:1:read_bootsectandvi	24	static
fat.c:661:12:fat_itr_root	128	static
fat.c:834:12:fat_itr_next	48	static
fat.c:907:12:fat_itr_resolve	40	static
fat.c:59:5:fat_set_blk_dev	24	dynamic
fat.c:88:5:fat_register_device	136	static
fat.c:962:5:file_fat_detectfs	120	static
fat.c:1024:5:fat_exists	56	static
fat.c:1044:5:fat_size	64	static
fat.c:1080:5:file_fat_read_at	96	static
fat.c:1108:5:file_fat_read	40	static
fat.c:1120:5:fat_read_file	48	static
fat.c:1139:5:fat_opendir	24	static
fat.c:1167:5:fat_readdir	16	static
fat.c:1190:6:fat_closedir	8	static
fat.c:1197:6:fat_close	0	static
