Archive member included to satisfy reference by file (symbol)

arch/arm/lib/lib.a(ashldi3.o)
                              drivers/built-in.o (__aeabi_llsl)
arch/arm/lib/lib.a(lib1funcs.o)
                              disk/built-in.o (__aeabi_uidiv)
arch/arm/lib/lib.a(lshrdi3.o)
                              fs/built-in.o (__aeabi_llsr)
arch/arm/lib/lib.a(div0.o)    arch/arm/lib/lib.a(lib1funcs.o) (__div0)

Discarded input sections

 .data          0x0000000000000000        0x0 arch/arm/cpu/armv7/start.o
 .bss           0x0000000000000000        0x0 arch/arm/cpu/armv7/start.o
 .text.mmu_page_table_flush
                0x0000000000000000       0x24 arch/arm/cpu/armv7/built-in.o
 .text.v7_outer_cache_inval_range
                0x0000000000000000        0x4 arch/arm/cpu/armv7/built-in.o
 .text.invalidate_dcache_range
                0x0000000000000000       0x64 arch/arm/cpu/armv7/built-in.o
 .text.v7_arch_cp15_set_l2aux_ctrl
                0x0000000000000000        0x8 arch/arm/cpu/armv7/built-in.o
 .text.v7_arch_cp15_set_acr
                0x0000000000000000        0x8 arch/arm/cpu/armv7/built-in.o
 .text.sdelay   0x0000000000000000        0xc arch/arm/cpu/armv7/built-in.o
 .text.wait_on_value
                0x0000000000000000       0x38 arch/arm/cpu/armv7/built-in.o
 .text.s_init   0x0000000000000000        0x4 arch/arm/cpu/armv7/built-in.o
 .text.lowlevel_init
                0x0000000000000000       0x24 arch/arm/cpu/armv7/built-in.o
 .data          0x0000000000000000        0x0 arch/arm/cpu/armv7/built-in.o
 .bss           0x0000000000000000        0x0 arch/arm/cpu/armv7/built-in.o
 .text.armv7_boot_nonsec_default
                0x0000000000000000        0x8 arch/arm/lib/built-in.o
 .text.invalidate_dcache_range
                0x0000000000000000        0x4 arch/arm/lib/built-in.o
 .text.flush_dcache_range
                0x0000000000000000        0x4 arch/arm/lib/built-in.o
 .text.flush_dcache_all
                0x0000000000000000        0xc arch/arm/lib/built-in.o
 .text.arm_init_before_mmu
                0x0000000000000000        0x4 arch/arm/lib/built-in.o
 .text.mmu_page_table_flush
                0x0000000000000000        0x4 arch/arm/lib/built-in.o
 .text.mmu_set_region_dcache_behaviour
                0x0000000000000000       0x58 arch/arm/lib/built-in.o
 .text.icache_status
                0x0000000000000000        0xc arch/arm/lib/built-in.o
 .text.fdt_psci
                0x0000000000000000        0x8 arch/arm/lib/built-in.o
 .data          0x0000000000000000        0x0 arch/arm/lib/built-in.o
 .__secure_end  0x0000000000000000        0x0 arch/arm/lib/built-in.o
 .__secure_stack_end
                0x0000000000000000        0x0 arch/arm/lib/built-in.o
 .__secure_stack_start
                0x0000000000000000        0x0 arch/arm/lib/built-in.o
 .__secure_start
                0x0000000000000000        0x0 arch/arm/lib/built-in.o
 .bss           0x0000000000000000        0x0 arch/arm/lib/built-in.o
 .text          0x0000000000000000        0x0 board/armltd/vexpress/built-in.o
 .data          0x0000000000000000        0x0 board/armltd/vexpress/built-in.o
 .bss           0x0000000000000000        0x0 board/armltd/vexpress/built-in.o
 .text          0x0000000000000000        0x0 cmd/built-in.o
 .text.blk_common_cmd
                0x0000000000000000      0x310 cmd/built-in.o
 .text.allow_unaligned
                0x0000000000000000        0x4 cmd/built-in.o
 .text.bootz_setup
                0x0000000000000000       0x18 cmd/built-in.o
 .rodata.blk_common_cmd.str1.1
                0x0000000000000000      0x101 cmd/built-in.o
 .rodata.bootz_setup.str1.1
                0x0000000000000000       0x34 cmd/built-in.o
 .data          0x0000000000000000        0x0 cmd/built-in.o
 .bss           0x0000000000000000        0x0 cmd/built-in.o
 .text          0x0000000000000000        0x0 common/built-in.o
 .text.hash_finish_crc32
                0x0000000000000000       0x30 common/built-in.o
 .text.hash_update_crc32
                0x0000000000000000       0x24 common/built-in.o
 .text.hash_init_crc32
                0x0000000000000000       0x24 common/built-in.o
 .text.hash_lookup_algo
                0x0000000000000000       0x28 common/built-in.o
 .text.hash_progressive_lookup_algo
                0x0000000000000000       0x3c common/built-in.o
 .text.hash_parse_string
                0x0000000000000000       0x68 common/built-in.o
 .text.hash_block
                0x0000000000000000       0x6c common/built-in.o
 .text.unset_local_var
                0x0000000000000000       0xa0 common/built-in.o
 .text.dram_init_banksize
                0x0000000000000000       0x24 common/built-in.o
 .text.red_led_off
                0x0000000000000000        0x4 common/built-in.o
 .text.green_led_on
                0x0000000000000000        0x4 common/built-in.o
 .text.green_led_off
                0x0000000000000000        0x4 common/built-in.o
 .text.yellow_led_on
[...]
Memory Configuration

Name             Origin             Length             Attributes
*default*        0x0000000000000000 0xffffffffffffffff

Linker script and memory map

Address of section .text set to 0x60800000
                0x0000000000000000                . = 0x0
                0x0000000000000000                . = ALIGN (0x4)

.text           0x0000000060800000      0x398
 *(.__image_copy_start)
 .__image_copy_start
                0x0000000060800000        0x0 arch/arm/lib/built-in.o
                0x0000000060800000                __image_copy_start
 *(.vectors)
 .vectors       0x0000000060800000      0x2e8 arch/arm/lib/built-in.o
                0x0000000060800000                _start
                0x0000000060800020                _undefined_instruction
                0x0000000060800024                _software_interrupt
                0x0000000060800028                _prefetch_abort
                0x000000006080002c                _data_abort
                0x0000000060800030                _not_used
                0x0000000060800034                _irq
                0x0000000060800038                _fiq
                0x0000000060800040                IRQ_STACK_START_IN
 arch/arm/cpu/armv7/start.o(.text*)
 .text          0x00000000608002e8       0xb0 arch/arm/cpu/armv7/start.o
                0x00000000608002e8                reset
                0x00000000608002ec                save_boot_params_ret
                0x0000000060800328                c_runtime_cpu_setup
                0x0000000060800338                save_boot_params
                0x000000006080033c                cpu_init_cp15
                0x0000000060800390                cpu_init_crit

.glue_7         0x0000000060800398        0x0
 .glue_7        0x0000000060800398        0x0 linker stubs

.glue_7t        0x0000000060800398        0x0
 .glue_7t       0x0000000060800398        0x0 linker stubs

.vfp11_veneer   0x0000000060800398        0x0
 .vfp11_veneer  0x0000000060800398        0x0 linker stubs

.v4_bx          0x0000000060800398        0x0
 .v4_bx         0x0000000060800398        0x0 linker stubs

.iplt           0x0000000060800398        0x0
 .iplt          0x0000000060800398        0x0 arch/arm/cpu/armv7/start.o

.__efi_runtime_start
                0x0000000060800398        0x0
 *(.__efi_runtime_start)
 .__efi_runtime_start
                0x0000000060800398        0x0 arch/arm/lib/built-in.o

.efi_runtime    0x0000000060800398      0x7b8
 *(.text.efi_runtime*)
 .text.efi_runtime
                0x0000000060800398      0x148 lib/built-in.o
                0x0000000060800398                efi_reset_system
                0x000000006080039c                efi_get_time
                0x00000000608003bc                efi_update_capsule
                0x00000000608003c4                efi_query_capsule_caps
                0x00000000608003cc                efi_query_variable_info
                0x00000000608003d4                efi_update_table_header_crc32
                0x00000000608003f8                crc32_no_comp
                0x00000000608004cc                crc32
 .text.efi_runtime_relocate
                0x00000000608004e0      0x134 lib/built-in.o
                0x00000000608004e0                efi_runtime_relocate
 *(.rodata.efi_runtime*)
 .rodata.efi_runtime_detach_list
                0x0000000060800614       0x50 lib/built-in.o
 .rodata.efi_runtime_relocate.str1.1
                0x0000000060800664       0x34 lib/built-in.o
 *(.data.efi_runtime*)
 .data.efi_runtime
                0x0000000060800698      0x4b0 lib/built-in.o
                0x0000000060800698                systab
                0x00000000608006f8                efi_runtime_services
 .data.efi_runtime_mmio
                0x0000000060800b48        0x8 lib/built-in.o
                0x0000000060800b48                efi_runtime_mmio

.__efi_runtime_stop
                0x0000000060800b50        0x0
 *(.__efi_runtime_stop)
 .__efi_runtime_stop
                0x0000000060800b50        0x0 arch/arm/lib/built-in.o

.text_rest      0x0000000060800b60    0x32ec8
 *(.text*)
 .text          0x0000000060800b60      0x158 arch/arm/cpu/armv7/built-in.o
                0x0000000060800b60                __v7_flush_dcache_all
                0x0000000060800bf4                v7_flush_dcache_all
                0x0000000060800c04                __v7_invalidate_dcache_all
                0x0000000060800c98                v7_invalidate_dcache_all
                0x0000000060800ca8                allow_unaligned
 .text.invalidate_icache_all
                0x0000000060800cb8       0x18 arch/arm/cpu/armv7/built-in.o
                0x0000000060800cb8                invalidate_icache_all
 .text.v7_outer_cache_enable
                0x0000000060800cd0        0x4 arch/arm/cpu/armv7/built-in.o
                0x0000000060800cd0                v7_outer_cache_enable
 .text.v7_outer_cache_disable
                0x0000000060800cd4        0x4 arch/arm/cpu/armv7/built-in.o
                0x0000000060800cd4                v7_outer_cache_disable
 .text.v7_outer_cache_flush_all
                0x0000000060800cd8        0x4 arch/arm/cpu/armv7/built-in.o
                0x0000000060800cd8                v7_outer_cache_flush_all
 .text.flush_dcache_all
                0x0000000060800cdc       0x10 arch/arm/cpu/armv7/built-in.o
                0x0000000060800cdc                flush_dcache_all
 .text.v7_outer_cache_inval_all
                0x0000000060800cec        0x4 arch/arm/cpu/armv7/built-in.o
                0x0000000060800cec                v7_outer_cache_inval_all
 .text.invalidate_dcache_all
                0x0000000060800cf0       0x10 arch/arm/cpu/armv7/built-in.o
                0x0000000060800cf0                invalidate_dcache_all
 .text.arm_init_before_mmu
                0x0000000060800d00       0x28 arch/arm/cpu/armv7/built-in.o
                0x0000000060800d00                arm_init_before_mmu
 .text.v7_outer_cache_flush_range
                0x0000000060800d28        0x4 arch/arm/cpu/armv7/built-in.o
                0x0000000060800d28                v7_outer_cache_flush_range
 .text.flush_dcache_range
                0x0000000060800d2c       0x54 arch/arm/cpu/armv7/built-in.o
                0x0000000060800d2c                flush_dcache_range
 .text.cpu_cache_initialization
                0x0000000060800d80        0x4 arch/arm/cpu/armv7/built-in.o
                0x0000000060800d80                cpu_cache_initialization
 .text.cleanup_before_linux_select
                0x0000000060800d84       0x4c arch/arm/cpu/armv7/built-in.o
                0x0000000060800d84                cleanup_before_linux_select
 .text.cleanup_before_linux
                0x0000000060800dd0        0x8 arch/arm/cpu/armv7/built-in.o
                0x0000000060800dd0                cleanup_before_linux
 *fill*         0x0000000060800dd8        0x8 
 .text          0x0000000060800de0      0x528 arch/arm/lib/built-in.o
                0x0000000060800de0                _main
                0x0000000060800e80                memset
                0x0000000060800f5c                memcpy
 .text.setjmp   0x0000000060801308       0x10 arch/arm/lib/built-in.o
                0x0000000060801308                setjmp
 .text.longjmp  0x0000000060801318       0x1c arch/arm/lib/built-in.o
                0x0000000060801318                longjmp
 .text.relocate_vectors
                0x0000000060801334       0x70 arch/arm/lib/built-in.o
                0x0000000060801334                relocate_vectors
                0x0000000060801340                relocate_code
 .text.arch_fixup_fdt
                0x00000000608013a4       0x54 arch/arm/lib/built-in.o
                0x00000000608013a4                arch_fixup_fdt
 .text.arch_lmb_reserve
                0x00000000608013f8       0x64 arch/arm/lib/built-in.o
                0x00000000608013f8                arch_lmb_reserve
 .text.board_quiesce_devices
                0x000000006080145c        0x4 arch/arm/lib/built-in.o
                0x000000006080145c                board_quiesce_devices
 .text.boot_jump_linux
                0x0000000060801460       0xc8 arch/arm/lib/built-in.o
 .text.setup_board_tags
                0x0000000060801528        0x4 arch/arm/lib/built-in.o
                0x0000000060801528                setup_board_tags
 .text.boot_prep_linux
                0x000000006080152c      0x1d4 arch/arm/lib/built-in.o
 .text.do_bootm_linux
                0x0000000060801700       0x58 arch/arm/lib/built-in.o
                0x0000000060801700                do_bootm_linux
 .text.boot_prep_vxworks
                0x0000000060801758       0x50 arch/arm/lib/built-in.o
                0x0000000060801758                boot_prep_vxworks
 .text.boot_jump_vxworks
                0x00000000608017a8        0xc arch/arm/lib/built-in.o
                0x00000000608017a8                boot_jump_vxworks
 .text.bootz_setup
                0x00000000608017b4       0xa0 arch/arm/lib/built-in.o
                0x00000000608017b4                bootz_setup
 .text.arch_reserve_stacks
                0x0000000060801854       0x1c arch/arm/lib/built-in.o
                0x0000000060801854                arch_reserve_stacks
 .text.interrupt_init
                0x0000000060801870       0x1c arch/arm/lib/built-in.o
                0x0000000060801870                interrupt_init
 .text.enable_interrupts
                0x000000006080188c        0x4 arch/arm/lib/built-in.o
                0x000000006080188c                enable_interrupts
 .text.disable_interrupts
                0x0000000060801890        0x8 arch/arm/lib/built-in.o
                0x0000000060801890                disable_interrupts
 .text.bad_mode
                0x0000000060801898       0x10 arch/arm/lib/built-in.o
                0x0000000060801898                bad_mode
 .text.show_regs
                0x00000000608018a8      0x1cc arch/arm/lib/built-in.o
                0x00000000608018a8                show_regs
 .text.do_undefined_instruction
                0x0000000060801a74       0x38 arch/arm/lib/built-in.o
                0x0000000060801a74                do_undefined_instruction
 .text.do_software_interrupt
                0x0000000060801aac       0x38 arch/arm/lib/built-in.o
                0x0000000060801aac                do_software_interrupt
 .text.do_prefetch_abort
                0x0000000060801ae4       0x38 arch/arm/lib/built-in.o
                0x0000000060801ae4                do_prefetch_abort
 .text.do_data_abort
                0x0000000060801b1c       0x38 arch/arm/lib/built-in.o
                0x0000000060801b1c                do_data_abort
 .text.do_not_used
                0x0000000060801b54       0x38 arch/arm/lib/built-in.o
                0x0000000060801b54                do_not_used
 .text.do_fiq   0x0000000060801b8c       0x38 arch/arm/lib/built-in.o
                0x0000000060801b8c                do_fiq
 .text.do_irq   0x0000000060801bc4       0x38 arch/arm/lib/built-in.o
                0x0000000060801bc4                do_irq
 .text.reset_misc
                0x0000000060801bfc        0x4 arch/arm/lib/built-in.o
                0x0000000060801bfc                reset_misc
 .text.do_reset
                0x0000000060801c00       0x30 arch/arm/lib/built-in.o
                0x0000000060801c00                do_reset
 .text.enable_caches
                0x0000000060801c30        0xc arch/arm/lib/built-in.o
                0x0000000060801c30                enable_caches
 .text.flush_cache
                0x0000000060801c3c        0x8 arch/arm/lib/built-in.o
                0x0000000060801c3c                flush_cache
 .text.check_cache_range
                0x0000000060801c44       0x38 arch/arm/lib/built-in.o
                0x0000000060801c44                check_cache_range
 .text.arm_init_domains
                0x0000000060801c7c        0x4 arch/arm/lib/built-in.o
                0x0000000060801c7c                arm_init_domains
 .text.set_section_dcache
                0x0000000060801c80       0x14 arch/arm/lib/built-in.o
                0x0000000060801c80                set_section_dcache
 .text.dram_bank_mmu_setup
                0x0000000060801c94       0x44 arch/arm/lib/built-in.o
                0x0000000060801c94                dram_bank_mmu_setup
 .text.icache_enable
                0x0000000060801cd8       0x14 arch/arm/lib/built-in.o
                0x0000000060801cd8                icache_enable
 .text.icache_disable
                0x0000000060801cec       0x18 arch/arm/lib/built-in.o
                0x0000000060801cec                icache_disable
 .text.dcache_enable
                0x0000000060801d04       0x88 arch/arm/lib/built-in.o
                0x0000000060801d04                dcache_enable
 .text.dcache_disable
                0x0000000060801d8c       0x28 arch/arm/lib/built-in.o
                0x0000000060801d8c                dcache_disable
 .text.dcache_status
                0x0000000060801db4        0xc arch/arm/lib/built-in.o
                0x0000000060801db4                dcache_status
 .text.board_init
                0x0000000060801dc0       0x90 board/armltd/vexpress/built-in.o
                0x0000000060801dc0                board_init
 .text.board_eth_init
                0x0000000060801e50        0xc board/armltd/vexpress/built-in.o
                0x0000000060801e50                board_eth_init
 .text.cpu_mmc_init
                0x0000000060801e5c       0x9c board/armltd/vexpress/built-in.o
                0x0000000060801e5c                cpu_mmc_init
 .text.dram_init
                0x0000000060801ef8       0x20 board/armltd/vexpress/built-in.o
                0x0000000060801ef8                dram_init
 .text.dram_init_banksize
                0x0000000060801f18       0x44 board/armltd/vexpress/built-in.o
                0x0000000060801f18                dram_init_banksize
 .text.v2m_cfg_write
                0x0000000060801f5c       0x44 board/armltd/vexpress/built-in.o
                0x0000000060801f5c                v2m_cfg_write
 .text.reset_cpu
                0x0000000060801fa0       0x28 board/armltd/vexpress/built-in.o
                0x0000000060801fa0                reset_cpu
 .text.lowlevel_init
                0x0000000060801fc8        0x4 board/armltd/vexpress/built-in.o
                0x0000000060801fc8                lowlevel_init
 .text.get_board_rev
                0x0000000060801fcc       0x10 board/armltd/vexpress/built-in.o
                0x0000000060801fcc                get_board_rev
 .text.do_go_exec
                0x0000000060801fdc       0x10 cmd/built-in.o
                0x0000000060801fdc                do_go_exec
 .text.do_go    0x0000000060801fec       0x6c cmd/built-in.o
 .text.do_bootm
                0x0000000060802058      0x108 cmd/built-in.o
                0x0000000060802058                do_bootm
 .text.image_info
                0x0000000060802160       0xcc cmd/built-in.o
 .text.do_iminfo
                0x000000006080222c       0x5c cmd/built-in.o
 .text.bootm_maybe_autostart
                0x0000000060802288       0x78 cmd/built-in.o
                0x0000000060802288                bootm_maybe_autostart
 .text.do_help  0x0000000060802300       0x44 cmd/built-in.o
 .text.do_version
                0x0000000060802344       0x40 cmd/built-in.o
 .text.source   0x0000000060802384       0xd4 cmd/built-in.o
                0x0000000060802384                source
 .text.do_source
                0x0000000060802458       0x48 cmd/built-in.o
 .text.print_num
                0x00000000608024a0       0x14 cmd/built-in.o
 .text.do_bdinfo
                0x00000000608024b4      0x1cc cmd/built-in.o
 .text.efi_install_fdt
                0x0000000060802680      0x268 cmd/built-in.o
 .text.do_bootefi_exec
                0x00000000608028e8      0x28c cmd/built-in.o
 .text.efi_init_obj_list
                0x0000000060802b74       0x7c cmd/built-in.o
                0x0000000060802b74                efi_init_obj_list
 .text.do_bootefi
                0x0000000060802bf0      0x168 cmd/built-in.o
 .text.efi_set_bootdev
                0x0000000060802d58       0xf4 cmd/built-in.o
                0x0000000060802d58                efi_set_bootdev
 .text.do_bootz
                0x0000000060802e4c       0xfc cmd/built-in.o
                0x0000000060802e4c                do_bootz
 .text.do_echo  0x0000000060802f48       0xb4 cmd/built-in.o
 .text.load_elf_image_phdr
                0x0000000060802ffc      0x11c cmd/built-in.o
 .text.valid_elf_image
                0x0000000060803118       0x4c cmd/built-in.o
                0x0000000060803118                valid_elf_image
 .text.do_bootelf
                0x0000000060803164      0x298 cmd/built-in.o
                0x0000000060803164                do_bootelf
 .text.do_bootvx
                0x00000000608033fc      0x310 cmd/built-in.o
                0x00000000608033fc                do_bootvx
 .text.do_exit  0x000000006080370c       0x48 cmd/built-in.o
 .text.do_ext4_size
                0x0000000060803754       0x18 cmd/built-in.o
                0x0000000060803754                do_ext4_size
 .text.do_ext4_load
                0x000000006080376c       0x18 cmd/built-in.o
                0x000000006080376c                do_ext4_load
 .text.do_ext4_ls
                0x0000000060803784       0x18 cmd/built-in.o
                0x0000000060803784                do_ext4_ls
 .text.do_ext2load
                0x000000006080379c       0x18 cmd/built-in.o
                0x000000006080379c                do_ext2load
 .text.do_ext2ls
                0x00000000608037b4       0x18 cmd/built-in.o
 .text.do_fat_size
                0x00000000608037cc       0x18 cmd/built-in.o
                0x00000000608037cc                do_fat_size
 .text.do_fat_fsload
                0x00000000608037e4       0x18 cmd/built-in.o
                0x00000000608037e4                do_fat_fsload
 .text.do_fat_ls
                0x00000000608037fc       0x18 cmd/built-in.o
 .text.do_fat_fsinfo
                0x0000000060803814       0x8c cmd/built-in.o
 .text.fdt_valid
                0x00000000608038a0       0xbc cmd/built-in.o
 .text.is_printable_string
                0x000000006080395c       0x88 cmd/built-in.o
 .text.print_data
                0x00000000608039e4      0x170 cmd/built-in.o
 .text.set_working_fdt_addr
                0x0000000060803b54       0x1c cmd/built-in.o
                0x0000000060803b54                set_working_fdt_addr
 .text.do_fdt   0x0000000060803b70      0xee0 cmd/built-in.o
 .text.flash_fill_sect_ranges
                0x0000000060804a50      0x1b4 cmd/built-in.o
 .text.abbrev_spec
                0x0000000060804c04      0x158 cmd/built-in.o
 .text.do_flinfo
                0x0000000060804d5c       0x98 cmd/built-in.o
 .text.flash_sect_roundb
                0x0000000060804df4       0xd0 cmd/built-in.o
                0x0000000060804df4                flash_sect_roundb
 .text.addr_spec
                0x0000000060804ec4       0xbc cmd/built-in.o
 .text.flash_sect_erase
                0x0000000060804f80       0xd0 cmd/built-in.o
                0x0000000060804f80                flash_sect_erase
 .text.do_flerase
                0x0000000060805050      0x1e0 cmd/built-in.o
 .text.flash_sect_protect
                0x0000000060805230      0x134 cmd/built-in.o
                0x0000000060805230                flash_sect_protect
 .text.do_protect
                0x0000000060805364      0x334 cmd/built-in.o
 .text.do_size_wrapper
                0x0000000060805698       0x18 cmd/built-in.o
 .text.do_load_wrapper
                0x00000000608056b0       0x64 cmd/built-in.o
 .text.do_save_wrapper
                0x0000000060805714       0x18 cmd/built-in.o
 .text.do_ls_wrapper
                0x000000006080572c       0x18 cmd/built-in.o
 .text.do_fstype_wrapper
                0x0000000060805744        0x4 cmd/built-in.o
 .text.do_mem_mw
                0x0000000060805748       0xc0 cmd/built-in.o
 .text.do_mem_loop
                0x0000000060805808       0xec cmd/built-in.o
 .text.do_mem_md
                0x00000000608058f4       0xe8 cmd/built-in.o
 .text.do_mem_cmp
                0x00000000608059dc      0x154 cmd/built-in.o
 .text.do_mem_base
                0x0000000060805b30       0x40 cmd/built-in.o
 .text.do_mem_cp
                0x0000000060805b70       0xfc cmd/built-in.o
 .text.do_mem_crc
                0x0000000060805c6c       0x48 cmd/built-in.o
 .text.mod_mem.isra.0
                0x0000000060805cb4      0x170 cmd/built-in.o
 .text.do_mem_mm
                0x0000000060805e24        0x8 cmd/built-in.o
 .text.do_mem_nm
                0x0000000060805e2c        0x8 cmd/built-in.o
 .text.extract_range
                0x0000000060805e34       0x54 cmd/built-in.o
 .text.do_mii   0x0000000060805e88      0x90c cmd/built-in.o
 .text.do_mmcops
                0x0000000060806794       0xb8 cmd/built-in.o
 .text.init_mmc_device
                0x000000006080684c       0x50 cmd/built-in.o
 .text.do_mmc_rescan
                0x000000006080689c       0x24 cmd/built-in.o
 .text.do_mmc_hwpartition
                0x00000000608068c0      0x510 cmd/built-in.o
 .text.do_mmc_list
                0x0000000060806dd0       0x14 cmd/built-in.o
 .text.do_mmc_dev
                0x0000000060806de4      0x134 cmd/built-in.o
 .text.do_mmc_read
                0x0000000060806f18       0xe4 cmd/built-in.o
 .text.do_mmc_part
                0x0000000060806ffc       0x60 cmd/built-in.o
 .text.do_mmc_erase
                0x000000006080705c       0xec cmd/built-in.o
 .text.do_mmc_write
                0x0000000060807148      0x104 cmd/built-in.o
 .text.do_mmcinfo
                0x000000006080724c      0x3a8 cmd/built-in.o
 .text.do_mmc_setdsr
                0x00000000608075f4       0xa8 cmd/built-in.o
 .text.netboot_common
                0x000000006080769c      0x2bc cmd/built-in.o
 .text.do_bootp
                0x0000000060807958        0xc cmd/built-in.o
 .text.do_dhcp  0x0000000060807964        0xc cmd/built-in.o
 .text.do_tftpb
                0x0000000060807970       0x40 cmd/built-in.o
                0x0000000060807970                do_tftpb
 .text.do_ping  0x00000000608079b0       0x78 cmd/built-in.o
 .text.do_part_list
                0x0000000060807a28      0x17c cmd/built-in.o
 .text.do_part_info
                0x0000000060807ba4      0x114 cmd/built-in.o
 .text.do_part  0x0000000060807cb8      0x110 cmd/built-in.o
 .text.eol_or_eof
                0x0000000060807dc8       0x24 cmd/built-in.o
 .text.do_pxe   0x0000000060807dec       0x7c cmd/built-in.o
 .text.label_print
                0x0000000060807e68       0x1c cmd/built-in.o
 .text.do_get_tftp
                0x0000000060807e84       0x44 cmd/built-in.o
 .text.from_env
                0x0000000060807ec8       0x2c cmd/built-in.o
 .text.get_string
                0x0000000060807ef4       0xd0 cmd/built-in.o
 .text.label_destroy
                0x0000000060807fc4       0x74 cmd/built-in.o
 .text.destroy_pxe_menu
                0x0000000060808038       0x5c cmd/built-in.o
 .text.get_token
                0x0000000060808094      0x11c cmd/built-in.o
 .text.parse_sliteral
                0x00000000608081b0       0x54 cmd/built-in.o
 .text.parse_integer
                0x0000000060808204       0x70 cmd/built-in.o
 .text.do_get_any
                0x0000000060808274       0x44 cmd/built-in.o
 .text.do_get_fat
                0x00000000608082b8       0x3c cmd/built-in.o
 .text.do_get_ext2
                0x00000000608082f4       0x3c cmd/built-in.o
 .text.format_mac_pxe.constprop.6
                0x0000000060808330       0x74 cmd/built-in.o
 .text.get_relfile
                0x00000000608083a4      0x138 cmd/built-in.o
 .text.get_pxe_file
                0x00000000608084dc       0x58 cmd/built-in.o
 .text.handle_include
                0x0000000060808534       0xa4 cmd/built-in.o
 .text.parse_pxefile_top
                0x00000000608085d8      0x458 cmd/built-in.o
 .text.parse_pxefile
                0x0000000060808a30       0x70 cmd/built-in.o
 .text.get_pxelinux_path
                0x0000000060808aa0       0x7c cmd/built-in.o
 .text.do_pxe_get
                0x0000000060808b1c      0x160 cmd/built-in.o
 .text.get_relfile_envaddr
                0x0000000060808c7c       0x50 cmd/built-in.o
 .text.label_boot
                0x0000000060808ccc      0x59c cmd/built-in.o
 .text.handle_pxe_menu
                0x0000000060809268      0x16c cmd/built-in.o
 .text.do_pxe_boot
                0x00000000608093d4       0xe0 cmd/built-in.o
 .text.do_sysboot
                0x00000000608094b4      0x1e0 cmd/built-in.o
 .text.do_false
                0x0000000060809694        0x8 cmd/built-in.o
 .text.do_true  0x000000006080969c        0x8 cmd/built-in.o
 .text.do_test  0x00000000608096a4      0x32c cmd/built-in.o
 .text.do_env_delete
                0x00000000608099d0       0x9c cmd/built-in.o
 .text.do_env_exists
                0x0000000060809a6c       0x64 cmd/built-in.o
 .text.do_env_save
                0x0000000060809ad0       0x14 cmd/built-in.o
 .text.do_env   0x0000000060809ae4       0x68 cmd/built-in.o
 .text.env_print
                0x0000000060809b4c       0xc4 cmd/built-in.o
 .text.do_env_print
                0x0000000060809c10       0xc4 cmd/built-in.o
 .text.do_env_import
                0x0000000060809cd4      0x2cc cmd/built-in.o
 .text.do_env_default
                0x0000000060809fa0       0xb4 cmd/built-in.o
 .text._do_env_set.isra.0
                0x000000006080a054      0x1ac cmd/built-in.o
 .text.do_env_set
                0x000000006080a200       0x20 cmd/built-in.o
 .text.get_env_id
                0x000000006080a220       0x10 cmd/built-in.o
                0x000000006080a220                get_env_id
 .text.env_set  0x000000006080a230       0x60 cmd/built-in.o
                0x000000006080a230                env_set
 .text.env_set_ulong
                0x000000006080a290       0x20 cmd/built-in.o
                0x000000006080a290                env_set_ulong
 .text.env_set_hex
                0x000000006080a2b0       0x34 cmd/built-in.o
                0x000000006080a2b0                env_set_hex
 .text.do_env_export
                0x000000006080a2e4      0x228 cmd/built-in.o
 .text.eth_parse_enetaddr
                0x000000006080a50c       0x5c cmd/built-in.o
                0x000000006080a50c                eth_parse_enetaddr
 .text.envmatch
                0x000000006080a568       0x64 cmd/built-in.o
                0x000000006080a568                envmatch
 .text.env_get_f
                0x000000006080a5cc       0xe4 cmd/built-in.o
                0x000000006080a5cc                env_get_f
 .text.env_get  0x000000006080a6b0       0x78 cmd/built-in.o
                0x000000006080a6b0                env_get
 .text.env_get_hex
                0x000000006080a728       0x3c cmd/built-in.o
                0x000000006080a728                env_get_hex
 .text.eth_env_get_enetaddr
                0x000000006080a764       0x5c cmd/built-in.o
                0x000000006080a764                eth_env_get_enetaddr
 .text.eth_env_set_enetaddr
                0x000000006080a7c0       0x4c cmd/built-in.o
                0x000000006080a7c0                eth_env_set_enetaddr
 .text.env_get_ulong
                0x000000006080a80c       0x30 cmd/built-in.o
                0x000000006080a80c                env_get_ulong
 .text.board_init_f_alloc_reserve
                0x000000006080a83c        0xc common/built-in.o
                0x000000006080a83c                board_init_f_alloc_reserve
 .text.board_init_f_init_reserve
                0x000000006080a848        0xc common/built-in.o
                0x000000006080a848                board_init_f_init_reserve
 .text.show_boot_progress
                0x000000006080a854        0x8 common/built-in.o
                0x000000006080a854                show_boot_progress
 .text.main_loop
                0x000000006080a85c       0x28 common/built-in.o
                0x000000006080a85c                main_loop
 .text.mdelay   0x000000006080a884       0x24 common/built-in.o
 .text.dummy    0x000000006080a8a8        0x4 common/built-in.o
 .text.get_version
                0x000000006080a8ac        0x8 common/built-in.o
                0x000000006080a8ac                get_version
 .text.jumptable_init
                0x000000006080a8b4      0x1e0 common/built-in.o
                0x000000006080a8b4                jumptable_init
 .text.hash_command
                0x000000006080aa94       0xb0 common/built-in.o
                0x000000006080aa94                hash_command
 .text.b_reset  0x000000006080ab44       0x1c common/built-in.o
 .text.static_get
                0x000000006080ab60       0x1c common/built-in.o
 .text.file_peek
                0x000000006080ab7c        0xc common/built-in.o
 .text.mapset   0x000000006080ab88       0x24 common/built-in.o
 .text.syntax_err
                0x000000006080abac        0xc common/built-in.o
 .text.free_pipe_list
                0x000000006080abb8       0xf0 common/built-in.o
 .text.xmalloc  0x000000006080aca8       0x20 common/built-in.o
 .text.new_pipe
                0x000000006080acc8       0x28 common/built-in.o
 .text.xrealloc
                0x000000006080acf0       0x20 common/built-in.o
 .text.done_command
                0x000000006080ad10       0x88 common/built-in.o
 .text.done_pipe
                0x000000006080ad98       0x48 common/built-in.o
 .text.done_word
                0x000000006080ade0      0x2d4 common/built-in.o
 .text.do_showvar
                0x000000006080b0b4      0x100 common/built-in.o
 .text.is_assignment
                0x000000006080b1b4       0x5c common/built-in.o
 .text.file_get
                0x000000006080b210      0x1ec common/built-in.o
 .text.b_addchr
                0x000000006080b3fc       0x80 common/built-in.o
 .text.b_addqchr
                0x000000006080b47c       0x50 common/built-in.o
 .text.static_peek
                0x000000006080b4cc        0xc common/built-in.o
 .text.get_local_var
                0x000000006080b4d8       0x94 common/built-in.o
                0x000000006080b4d8                get_local_var
 .text.set_local_var
                0x000000006080b56c      0x1a8 common/built-in.o
                0x000000006080b56c                set_local_var
 .text.insert_var_value_sub
                0x000000006080b714      0x2bc common/built-in.o
 .text.parse_string_outer
                0x000000006080b9d0       0xe8 common/built-in.o
                0x000000006080b9d0                parse_string_outer
 .text.run_list_real
                0x000000006080bab8      0x7a8 common/built-in.o
 .text.parse_stream_outer
                0x000000006080c260      0x6b0 common/built-in.o
 .text.parse_file_outer
                0x000000006080c910       0x44 common/built-in.o
                0x000000006080c910                parse_file_outer
 .text.u_boot_hush_start
                0x000000006080c954       0x54 common/built-in.o
                0x000000006080c954                u_boot_hush_start
 .text.bootdelay_process
                0x000000006080c9a8       0x50 common/built-in.o
                0x000000006080c9a8                bootdelay_process
 .text.autoboot_command
                0x000000006080c9f8       0xf4 common/built-in.o
                0x000000006080c9f8                autoboot_command
 .text.log_init
                0x000000006080caec       0x10 common/built-in.o
 .text.setup_mon_len
                0x000000006080cafc       0x20 common/built-in.o
 .text.reserve_round_4k
                0x000000006080cb1c       0x18 common/built-in.o
 .text.reserve_mmu
                0x000000006080cb34       0x38 common/built-in.o
                0x000000006080cb34                reserve_mmu
 .text.reserve_uboot
                0x000000006080cb6c       0x40 common/built-in.o
 .text.reserve_malloc
                0x000000006080cbac       0x14 common/built-in.o
 .text.reserve_global_data
                0x000000006080cbc0       0x1c common/built-in.o
 .text.reserve_fdt
                0x000000006080cbdc       0x4c common/built-in.o
 .text.initf_dm
                0x000000006080cc28        0x8 common/built-in.o
 .text.arch_cpu_init_dm
                0x000000006080cc30        0x8 common/built-in.o
                0x000000006080cc30                arch_cpu_init_dm
 .text.setup_reloc
                0x000000006080cc38       0x40 common/built-in.o
 .text.reloc_fdt
                0x000000006080cc78       0x44 common/built-in.o
 .text.reserve_board
                0x000000006080ccbc       0x40 common/built-in.o
 .text.announce_dram_init
                0x000000006080ccfc       0x18 common/built-in.o
 .text.init_baud_rate
                0x000000006080cd14       0x28 common/built-in.o
 .text.initf_bootstage
                0x000000006080cd3c       0x14 common/built-in.o
 .text.reserve_arch
                0x000000006080cd50        0x8 common/built-in.o
                0x000000006080cd50                reserve_arch
 .text.display_text_info
                0x000000006080cd58        0x8 common/built-in.o
 .text.arch_cpu_init
                0x000000006080cd60        0x8 common/built-in.o
                0x000000006080cd60                arch_cpu_init
 .text.mach_cpu_init
                0x000000006080cd68        0x8 common/built-in.o
                0x000000006080cd68                mach_cpu_init
 .text.reserve_video
                0x000000006080cd70        0x8 common/built-in.o
 .text.reserve_trace
                0x000000006080cd78        0x8 common/built-in.o
 .text.setup_machine
                0x000000006080cd80        0x8 common/built-in.o
 .text.reserve_bootstage
                0x000000006080cd88        0x8 common/built-in.o
 .text.display_new_sp
                0x000000006080cd90        0x8 common/built-in.o
 .text.reloc_bootstage
                0x000000006080cd98        0x8 common/built-in.o
 .text.initf_console_record
                0x000000006080cda0        0x8 common/built-in.o
 .text.coloured_LED_init
                0x000000006080cda8        0x4 common/built-in.o
                0x000000006080cda8                coloured_LED_init
 .text.red_led_on
                0x000000006080cdac        0x4 common/built-in.o
                0x000000006080cdac                red_led_on
 .text.board_add_ram_info
                0x000000006080cdb0        0x4 common/built-in.o
                0x000000006080cdb0                board_add_ram_info
 .text.show_dram_config
                0x000000006080cdb4       0x44 common/built-in.o
 .text.board_get_usable_ram_top
                0x000000006080cdf8       0x14 common/built-in.o
                0x000000006080cdf8                board_get_usable_ram_top
 .text.setup_dest_addr
                0x000000006080ce0c       0x40 common/built-in.o
 .text.reserve_stacks
                0x000000006080ce4c       0x1c common/built-in.o
 .text.board_init_f
                0x000000006080ce68       0x28 common/built-in.o
                0x000000006080ce68                board_init_f
 .text.bootstage_relocate
                0x000000006080ce90        0x8 common/built-in.o
 .text.initr_reloc
                0x000000006080ce98       0x18 common/built-in.o
 .text.power_init_board
                0x000000006080ceb0        0x8 common/built-in.o
                0x000000006080ceb0                power_init_board
 .text.initr_announce
                0x000000006080ceb8        0x8 common/built-in.o
 .text.run_main_loop
                0x000000006080cec0        0xc common/built-in.o
 .text.initr_net
                0x000000006080cecc       0x1c common/built-in.o
 .text.initr_ethaddr
                0x000000006080cee8       0x20 common/built-in.o
 .text.initr_enable_interrupts
                0x000000006080cf08       0x10 common/built-in.o
 .text.initr_jumptable
                0x000000006080cf18       0x10 common/built-in.o
 .text.initr_env
                0x000000006080cf28       0x30 common/built-in.o
 .text.initr_mmc
                0x000000006080cf58       0x20 common/built-in.o
 .text.initr_serial
                0x000000006080cf78       0x10 common/built-in.o
 .text.initr_bootstage
                0x000000006080cf88       0x14 common/built-in.o
 .text.initr_malloc
                0x000000006080cf9c       0x1c common/built-in.o
 .text.initr_reloc_global_data
                0x000000006080cfb8       0x38 common/built-in.o
 .text.initr_caches
                0x000000006080cff0       0x10 common/built-in.o
 .text.initr_trace
                0x000000006080d000        0x8 common/built-in.o
 .text.initr_barrier
                0x000000006080d008        0x8 common/built-in.o
 .text.initr_console_record
                0x000000006080d010        0x8 common/built-in.o
 .text.board_flash_wp_on
                0x000000006080d018        0x8 common/built-in.o
                0x000000006080d018                board_flash_wp_on
 .text.initr_flash
                0x000000006080d020       0x64 common/built-in.o
 .text.cpu_secondary_init_r
                0x000000006080d084        0x4 common/built-in.o
                0x000000006080d084                cpu_secondary_init_r
 .text.initr_secondary_cpu
                0x000000006080d088       0x10 common/built-in.o
 .text.board_init_r
                0x000000006080d098       0x20 common/built-in.o
                0x000000006080d098                board_init_r
 .text.bootm_find_images
                0x000000006080d0b8       0xa8 common/built-in.o
                0x000000006080d0b8                bootm_find_images
 .text.bootm_decomp_image
                0x000000006080d160      0x140 common/built-in.o
                0x000000006080d160                bootm_decomp_image
 .text.bootm_disable_interrupts
                0x000000006080d2a0        0x4 common/built-in.o
                0x000000006080d2a0                bootm_disable_interrupts
 .text.do_bootm_states
                0x000000006080d2a4      0x738 common/built-in.o
                0x000000006080d2a4                do_bootm_states
 .text.copy_args
                0x000000006080d9dc       0x50 common/built-in.o
 .text.do_bootm_rtems
                0x000000006080da2c       0x40 common/built-in.o
 .text.do_bootm_plan9
                0x000000006080da6c       0xa4 common/built-in.o
 .text.do_bootm_standalone
                0x000000006080db10       0x64 common/built-in.o
 .text.do_bootm_qnxelf
                0x000000006080db74       0x78 common/built-in.o
 .text.do_bootm_netbsd
                0x000000006080dbec       0xf8 common/built-in.o
 .text.do_bootvx_fdt
                0x000000006080dce4      0x118 common/built-in.o
                0x000000006080dce4                do_bootvx_fdt
 .text.do_bootm_vxworks
                0x000000006080ddfc       0x24 common/built-in.o
 .text.arch_preboot_os
                0x000000006080de20        0x4 common/built-in.o
                0x000000006080de20                arch_preboot_os
 .text.boot_selected_os
                0x000000006080de24       0x58 common/built-in.o
                0x000000006080de24                boot_selected_os
 .text.bootm_os_get_boot_func
                0x000000006080de7c       0x10 common/built-in.o
                0x000000006080de7c                bootm_os_get_boot_func
 .text.fdt_find_and_setprop
                0x000000006080de8c       0x70 common/built-in.o
                0x000000006080de8c                fdt_find_and_setprop
 .text.fdt_find_or_add_subnode
                0x000000006080defc       0x60 common/built-in.o
                0x000000006080defc                fdt_find_or_add_subnode
 .text.fdt_root
                0x000000006080df5c       0x90 common/built-in.o
                0x000000006080df5c                fdt_root
 .text.fdt_initrd
                0x000000006080dfec      0x1c8 common/built-in.o
                0x000000006080dfec                fdt_initrd
 .text.fdt_chosen
                0x000000006080e1b4       0xa8 common/built-in.o
                0x000000006080e1b4                fdt_chosen
 .text.do_fixup_by_path
                0x000000006080e25c       0x54 common/built-in.o
                0x000000006080e25c                do_fixup_by_path
 .text.fdt_fixup_memory_banks
                0x000000006080e2b0      0x228 common/built-in.o
                0x000000006080e2b0                fdt_fixup_memory_banks
 .text.fdt_fixup_memory
                0x000000006080e4d8       0x20 common/built-in.o
                0x000000006080e4d8                fdt_fixup_memory
 .text.fdt_fixup_ethernet
                0x000000006080e4f8      0x1b0 common/built-in.o
                0x000000006080e4f8                fdt_fixup_ethernet
 .text.fdt_shrink_to_minimum
                0x000000006080e6a8       0xd0 common/built-in.o
                0x000000006080e6a8                fdt_shrink_to_minimum
 .text.miiphy_get_dev_by_name
                0x000000006080e778       0x58 common/built-in.o
                0x000000006080e778                miiphy_get_dev_by_name
 .text.miiphy_init
                0x000000006080e7d0       0x24 common/built-in.o
                0x000000006080e7d0                miiphy_init
 .text.mdio_alloc
                0x000000006080e7f4       0x30 common/built-in.o
                0x000000006080e7f4                mdio_alloc
 .text.mdio_register
                0x000000006080e824       0x88 common/built-in.o
                0x000000006080e824                mdio_register
 .text.miiphy_set_current_dev
                0x000000006080e8ac       0x40 common/built-in.o
                0x000000006080e8ac                miiphy_set_current_dev
 .text.miiphy_get_active_dev
                0x000000006080e8ec       0x54 common/built-in.o
 .text.miiphy_get_current_dev
                0x000000006080e940       0x18 common/built-in.o
                0x000000006080e940                miiphy_get_current_dev
 .text.miiphy_read
                0x000000006080e958       0x4c common/built-in.o
                0x000000006080e958                miiphy_read
 .text.miiphy_write
                0x000000006080e9a4       0x40 common/built-in.o
                0x000000006080e9a4                miiphy_write
 .text.miiphy_listdev
                0x000000006080e9e4       0x78 common/built-in.o
                0x000000006080e9e4                miiphy_listdev
 .text.miiphy_info
                0x000000006080ea5c       0x88 common/built-in.o
                0x000000006080ea5c                miiphy_info
 .text.miiphy_speed
                0x000000006080eae4       0xc4 common/built-in.o
                0x000000006080eae4                miiphy_speed
 .text.miiphy_duplex
                0x000000006080eba8       0xbc common/built-in.o
                0x000000006080eba8                miiphy_duplex
 .text.miiphy_is_1000base_x
                0x000000006080ec64        0x8 common/built-in.o
                0x000000006080ec64                miiphy_is_1000base_x
 .text.flash_protect
                0x000000006080ec6c       0xe8 common/built-in.o
                0x000000006080ec6c                flash_protect
 .text.addr2info
                0x000000006080ed54       0x8c common/built-in.o
                0x000000006080ed54                addr2info
 .text.flash_write
                0x000000006080ede0      0x13c common/built-in.o
                0x000000006080ede0                flash_write
 .text.flash_perror
                0x000000006080ef1c       0xe4 common/built-in.o
                0x000000006080ef1c                flash_perror
 .text.menu_display_statusline
                0x000000006080f000        0x4 common/built-in.o
                0x000000006080f000                menu_display_statusline
 .text.menu_default_set
                0x000000006080f004       0x80 common/built-in.o
                0x000000006080f004                menu_default_set
 .text.menu_get_choice
                0x000000006080f084      0x1ec common/built-in.o
                0x000000006080f084                menu_get_choice
 .text.menu_item_add
                0x000000006080f270       0xd0 common/built-in.o
                0x000000006080f270                menu_item_add
 .text.menu_create
                0x000000006080f340       0x90 common/built-in.o
                0x000000006080f340                menu_create
 .text.menu_destroy
                0x000000006080f3d0       0x6c common/built-in.o
                0x000000006080f3d0                menu_destroy
 .text.delete_char.part.0
                0x000000006080f43c       0xd4 common/built-in.o
 .text.cread_add_char
                0x000000006080f510       0xe8 common/built-in.o
 .text.cli_readline_into_buffer
                0x000000006080f5f8      0xa1c common/built-in.o
                0x000000006080f5f8                cli_readline_into_buffer
 .text.cli_readline
                0x0000000060810014       0x14 common/built-in.o
                0x0000000060810014                cli_readline
 .text.cli_simple_process_macros
                0x0000000060810028      0x20c common/built-in.o
                0x0000000060810028                cli_simple_process_macros
 .text.console_setfile
                0x0000000060810234       0xbc common/built-in.o
 .text.putc     0x00000000608102f0       0x3c common/built-in.o
                0x00000000608102f0                putc
 .text.puts     0x000000006081032c       0x3c common/built-in.o
                0x000000006081032c                puts
 .text.fgetc    0x0000000060810368       0x24 common/built-in.o
                0x0000000060810368                fgetc
 .text.getc     0x000000006081038c       0x24 common/built-in.o
                0x000000006081038c                getc
 .text.ftstc    0x00000000608103b0       0x24 common/built-in.o
                0x00000000608103b0                ftstc
 .text.tstc     0x00000000608103d4       0x24 common/built-in.o
                0x00000000608103d4                tstc
 .text.fputs    0x00000000608103f8       0x1c common/built-in.o
                0x00000000608103f8                fputs
 .text.ctrlc    0x0000000060810414       0x58 common/built-in.o
                0x0000000060810414                ctrlc
 .text.had_ctrlc
                0x000000006081046c       0x10 common/built-in.o
                0x000000006081046c                had_ctrlc
 .text.clear_ctrlc
                0x000000006081047c       0x14 common/built-in.o
                0x000000006081047c                clear_ctrlc
 .text.search_device
                0x0000000060810490       0x28 common/built-in.o
                0x0000000060810490                search_device
 .text.console_assign
                0x00000000608104b8       0x40 common/built-in.o
                0x00000000608104b8                console_assign
 .text.on_console
                0x00000000608104f8       0xb8 common/built-in.o
 .text.console_init_f
                0x00000000608105b0       0x10 common/built-in.o
                0x00000000608105b0                console_init_f
 .text.stdio_print_current_devices
                0x00000000608105c0       0xb0 common/built-in.o
                0x00000000608105c0                stdio_print_current_devices
 .text.console_init_r
                0x0000000060810670       0xdc common/built-in.o
                0x0000000060810670                console_init_r
 .text.sbrk     0x000000006081074c       0x6c common/built-in.o
                0x000000006081074c                sbrk
 .text.mem_malloc_init
                0x00000000608107b8       0x34 common/built-in.o
                0x00000000608107b8                mem_malloc_init
 .text.malloc_trim
                0x00000000608107ec       0xd0 common/built-in.o
                0x00000000608107ec                malloc_trim
 .text.free     0x00000000608108bc      0x22c common/built-in.o
                0x00000000608108bc                free
 .text.malloc   0x0000000060810ae8      0x5fc common/built-in.o
                0x0000000060810ae8                malloc
 .text.calloc   0x00000000608110e4       0xcc common/built-in.o
                0x00000000608110e4                calloc
 .text.realloc  0x00000000608111b0      0x424 common/built-in.o
                0x00000000608111b0                realloc
 .text.memalign
                0x00000000608115d4      0x170 common/built-in.o
                0x00000000608115d4                memalign
 .text.initf_malloc
                0x0000000060811744        0x8 common/built-in.o
                0x0000000060811744                initf_malloc
 .text.on_loadaddr
                0x000000006081174c       0x40 common/built-in.o
 .text.image_check_hcrc
                0x000000006081178c       0x4c common/built-in.o
                0x000000006081178c                image_check_hcrc
 .text.image_check_dcrc
                0x00000000608117d8       0x38 common/built-in.o
                0x00000000608117d8                image_check_dcrc
 .text.image_multi_count
                0x0000000060811810       0x20 common/built-in.o
                0x0000000060811810                image_multi_count
 .text.image_multi_getimg
                0x0000000060811830       0x80 common/built-in.o
                0x0000000060811830                image_multi_getimg
 .text.env_get_bootm_low
                0x00000000608118b0       0x30 common/built-in.o
                0x00000000608118b0                env_get_bootm_low
 .text.env_get_bootm_size
                0x00000000608118e0       0x68 common/built-in.o
                0x00000000608118e0                env_get_bootm_size
 .text.env_get_bootm_mapsize
                0x0000000060811948       0x30 common/built-in.o
                0x0000000060811948                env_get_bootm_mapsize
 .text.memmove_wd
                0x0000000060811978        0xc common/built-in.o
                0x0000000060811978                memmove_wd
 .text.genimg_print_size
                0x0000000060811984       0x30 common/built-in.o
                0x0000000060811984                genimg_print_size
 .text.get_table_entry
                0x00000000608119b4       0x24 common/built-in.o
                0x00000000608119b4                get_table_entry
 .text.get_table_entry_name
                0x00000000608119d8       0x20 common/built-in.o
                0x00000000608119d8                get_table_entry_name
 .text.genimg_get_os_name
                0x00000000608119f8       0x18 common/built-in.o
                0x00000000608119f8                genimg_get_os_name
 .text.genimg_get_arch_name
                0x0000000060811a10       0x18 common/built-in.o
                0x0000000060811a10                genimg_get_arch_name
 .text.genimg_get_type_name
                0x0000000060811a28       0x18 common/built-in.o
                0x0000000060811a28                genimg_get_type_name
 .text.genimg_get_comp_name
                0x0000000060811a40       0x18 common/built-in.o
                0x0000000060811a40                genimg_get_comp_name
 .text.image_print_contents
                0x0000000060811a58      0x1b0 common/built-in.o
                0x0000000060811a58                image_print_contents
 .text.genimg_get_kernel_addr_fit
                0x0000000060811c08       0x24 common/built-in.o
                0x0000000060811c08                genimg_get_kernel_addr_fit
 .text.genimg_get_kernel_addr
                0x0000000060811c2c       0x24 common/built-in.o
                0x0000000060811c2c                genimg_get_kernel_addr
 .text.genimg_get_format
                0x0000000060811c50       0x34 common/built-in.o
                0x0000000060811c50                genimg_get_format
 .text.genimg_has_config
                0x0000000060811c84        0x8 common/built-in.o
                0x0000000060811c84                genimg_has_config
 .text.boot_get_ramdisk
                0x0000000060811c8c      0x27c common/built-in.o
                0x0000000060811c8c                boot_get_ramdisk
 .text.boot_ramdisk_high
                0x0000000060811f08      0x130 common/built-in.o
                0x0000000060811f08                boot_ramdisk_high
 .text.boot_get_setup
                0x0000000060812038        0x8 common/built-in.o
                0x0000000060812038                boot_get_setup
 .text.image_setup_linux
                0x0000000060812040       0x64 common/built-in.o
                0x0000000060812040                image_setup_linux
 .text.fdt_error
                0x00000000608120a4       0x2c common/built-in.o
 .text.boot_fdt_add_mem_rsv_regions
                0x00000000608120d0       0x8c common/built-in.o
                0x00000000608120d0                boot_fdt_add_mem_rsv_regions
 .text.boot_relocate_fdt
                0x000000006081215c      0x194 common/built-in.o
                0x000000006081215c                boot_relocate_fdt
 .text.boot_get_fdt
                0x00000000608122f0      0x288 common/built-in.o
                0x00000000608122f0                boot_get_fdt
 .text.ft_verify_fdt
                0x0000000060812578        0x8 common/built-in.o
                0x0000000060812578                ft_verify_fdt
 .text.image_setup_libfdt
                0x0000000060812580      0x110 common/built-in.o
                0x0000000060812580                image_setup_libfdt
 .text.get_ram_size
                0x0000000060812690       0xe4 common/built-in.o
                0x0000000060812690                get_ram_size
 .text.get_effective_memsize
                0x0000000060812774        0x8 common/built-in.o
                0x0000000060812774                get_effective_memsize
 .text.stdio_serial_tstc
                0x000000006081277c        0x4 common/built-in.o
 .text.stdio_serial_getc
                0x0000000060812780        0x4 common/built-in.o
 .text.stdio_serial_puts
                0x0000000060812784        0x8 common/built-in.o
 .text.stdio_serial_putc
                0x000000006081278c        0x8 common/built-in.o
 .text.stdio_get_list
                0x0000000060812794        0xc common/built-in.o
                0x0000000060812794                stdio_get_list
 .text.stdio_get_by_name
                0x00000000608127a0       0x4c common/built-in.o
                0x00000000608127a0                stdio_get_by_name
 .text.stdio_clone
                0x00000000608127ec       0x38 common/built-in.o
                0x00000000608127ec                stdio_clone
 .text.stdio_register_dev
                0x0000000060812824       0x50 common/built-in.o
                0x0000000060812824                stdio_register_dev
 .text.stdio_register
                0x0000000060812874        0x8 common/built-in.o
                0x0000000060812874                stdio_register
 .text.stdio_init_tables
                0x000000006081287c       0x1c common/built-in.o
                0x000000006081287c                stdio_init_tables
 .text.stdio_add_devices
                0x0000000060812898       0x78 common/built-in.o
                0x0000000060812898                stdio_add_devices
 .text.run_command
                0x0000000060812910       0x10 common/built-in.o
                0x0000000060812910                run_command
 .text.run_command_list
                0x0000000060812920       0x7c common/built-in.o
                0x0000000060812920                run_command_list
 .text.do_run   0x000000006081299c       0x74 common/built-in.o
                0x000000006081299c                do_run
 .text.cli_loop
                0x0000000060812a10        0xc common/built-in.o
                0x0000000060812a10                cli_loop
 .text.cli_init
                0x0000000060812a1c        0x4 common/built-in.o
                0x0000000060812a1c                cli_init
 .text.find_cmd_tbl
                0x0000000060812a20       0xa0 common/built-in.o
                0x0000000060812a20                find_cmd_tbl
 .text.find_cmd
                0x0000000060812ac0       0x28 common/built-in.o
                0x0000000060812ac0                find_cmd
 .text.cmd_usage
                0x0000000060812ae8       0x5c common/built-in.o
                0x0000000060812ae8                cmd_usage
 .text._do_help
                0x0000000060812b44      0x188 common/built-in.o
                0x0000000060812b44                _do_help
 .text.var_complete
                0x0000000060812ccc       0x94 common/built-in.o
                0x0000000060812ccc                var_complete
 .text.cmd_auto_complete
                0x0000000060812d60      0x4cc common/built-in.o
                0x0000000060812d60                cmd_auto_complete
 .text.cmd_get_data_size
                0x000000006081322c       0x50 common/built-in.o
                0x000000006081322c                cmd_get_data_size
 .text.cmd_process
                0x000000006081327c       0xbc common/built-in.o
                0x000000006081327c                cmd_process
 .text.part_driver_lookup_type
                0x0000000060813338       0x84 disk/built-in.o
 .text.dev_print
                0x00000000608133bc      0x220 disk/built-in.o
                0x00000000608133bc                dev_print
 .text.part_init
                0x00000000608135dc       0x54 disk/built-in.o
                0x00000000608135dc                part_init
 .text.part_print
                0x0000000060813630      0x118 disk/built-in.o
                0x0000000060813630                part_print
 .text.part_get_info
                0x0000000060813748       0x60 disk/built-in.o
                0x0000000060813748                part_get_info
 .text.part_get_info_whole_disk
                0x00000000608137a8       0x50 disk/built-in.o
                0x00000000608137a8                part_get_info_whole_disk
 .text.blk_get_device_by_str
                0x00000000608137f8      0x13c disk/built-in.o
                0x00000000608137f8                blk_get_device_by_str
 .text.blk_get_device_part_str
                0x0000000060813934      0x3cc disk/built-in.o
                0x0000000060813934                blk_get_device_part_str
 .text.part_get_info_by_name_type
                0x0000000060813d00       0x74 disk/built-in.o
                0x0000000060813d00                part_get_info_by_name_type
 .text.part_get_info_by_name
                0x0000000060813d74        0x8 disk/built-in.o
                0x0000000060813d74                part_get_info_by_name
 .text.part_set_generic_name
                0x0000000060813d7c       0x4c disk/built-in.o
                0x0000000060813d7c                part_set_generic_name
 .text.test_block_type
                0x0000000060813dc8       0x84 disk/built-in.o
 .text.print_partition_extended
                0x0000000060813e4c      0x274 disk/built-in.o
 .text.part_print_dos
                0x00000000608140c0       0x34 disk/built-in.o
                0x00000000608140c0                part_print_dos
 .text.part_test_dos
                0x00000000608140f4       0x70 disk/built-in.o
 .text.part_get_info_extended
                0x0000000060814164      0x2d4 disk/built-in.o
 .text.part_get_info_dos
                0x0000000060814438       0x24 disk/built-in.o
                0x0000000060814438                part_get_info_dos
 .text.iso_dread
                0x000000006081445c       0x34 disk/built-in.o
                0x000000006081445c                iso_dread
 .text.part_get_info_iso_verb
                0x0000000060814490      0x390 disk/built-in.o
                0x0000000060814490                part_get_info_iso_verb
 .text.part_test_iso
                0x0000000060814820       0x20 disk/built-in.o
 .text.part_print_iso
                0x0000000060814840       0x9c disk/built-in.o
 .text.part_get_info_iso
                0x00000000608148dc        0x8 disk/built-in.o
 .text.print_efiname
                0x00000000608148e4       0x88 disk/built-in.o
 .text.part_test_efi
                0x000000006081496c       0xd0 disk/built-in.o
 .text.validate_gpt_entries
                0x0000000060814a3c       0x98 disk/built-in.o
 *fill*         0x0000000060814ad4        0x4 
 .text.validate_gpt_header
                0x0000000060814ad8      0x228 disk/built-in.o
 .text.is_gpt_valid
                0x0000000060814d00      0x298 disk/built-in.o
 .text.is_pte_valid
                0x0000000060814f98       0x58 disk/built-in.o
 .text.part_print_efi
                0x0000000060814ff0      0x284 disk/built-in.o
                0x0000000060814ff0                part_print_efi
 .text.part_get_info_efi
                0x0000000060815274      0x1f0 disk/built-in.o
                0x0000000060815274                part_get_info_efi
 .text.get_desc
                0x0000000060815464       0x6c drivers/built-in.o
 .text.blk_driver_lookup_type
                0x00000000608154d0       0x38 drivers/built-in.o
                0x00000000608154d0                blk_driver_lookup_type
 .text.blk_get_devnum_by_type
                0x0000000060815508       0x3c drivers/built-in.o
                0x0000000060815508                blk_get_devnum_by_type
 .text.blk_dselect_hwpart
                0x0000000060815544       0x48 drivers/built-in.o
                0x0000000060815544                blk_dselect_hwpart
 .text.blk_get_devnum_by_typename
                0x000000006081558c       0x68 drivers/built-in.o
                0x000000006081558c                blk_get_devnum_by_typename
 .text.blk_select_hwpart_devnum
                0x00000000608155f4       0x48 drivers/built-in.o
                0x00000000608155f4                blk_select_hwpart_devnum
 .text.mmc_set_ios
                0x000000006081563c       0x20 drivers/built-in.o
 .text.mmc_set_capacity
                0x000000006081565c       0xb0 drivers/built-in.o
 .text.board_mmc_getwp
                0x000000006081570c        0x8 drivers/built-in.o
                0x000000006081570c                board_mmc_getwp
 .text.mmc_getwp
                0x0000000060815714       0x3c drivers/built-in.o
                0x0000000060815714                mmc_getwp
 .text.board_mmc_getcd
                0x0000000060815750        0x8 drivers/built-in.o
                0x0000000060815750                board_mmc_getcd
 .text.mmc_mode_name
                0x0000000060815758       0x1c drivers/built-in.o
                0x0000000060815758                mmc_mode_name
 .text.mmc_send_cmd
                0x0000000060815774       0x10 drivers/built-in.o
                0x0000000060815774                mmc_send_cmd
 .text.mmc_send_ext_csd
                0x0000000060815784       0x4c drivers/built-in.o
 .text.mmc_read_and_compare_ext_csd
                0x00000000608157d0       0xa8 drivers/built-in.o
 .text.mmc_go_idle
                0x0000000060815878       0x4c drivers/built-in.o
 .text.mmc_send_op_cond_iter
                0x00000000608158c4       0x78 drivers/built-in.o
 .text.mmc_send_status
                0x000000006081593c       0xcc drivers/built-in.o
                0x000000006081593c                mmc_send_status
 .text.mmc_set_blocklen
                0x0000000060815a08       0x84 drivers/built-in.o
                0x0000000060815a08                mmc_set_blocklen
 .text.mmc_bread
                0x0000000060815a8c      0x160 drivers/built-in.o
                0x0000000060815a8c                mmc_bread
 .text.mmc_switch
                0x0000000060815bec       0x68 drivers/built-in.o
                0x0000000060815bec                mmc_switch
 .text.mmc_startup_v4
                0x0000000060815c54      0x334 drivers/built-in.o
 .text.mmc_set_card_speed
                0x0000000060815f88       0xa8 drivers/built-in.o
 .text.mmc_switch_part
                0x0000000060816030       0x64 drivers/built-in.o
                0x0000000060816030                mmc_switch_part
 .text.mmc_hwpart_config
                0x0000000060816094      0x434 drivers/built-in.o
                0x0000000060816094                mmc_hwpart_config
 .text.mmc_getcd
                0x00000000608164c8       0x3c drivers/built-in.o
                0x00000000608164c8                mmc_getcd
 .text.mmc_set_clock
                0x0000000060816504       0x30 drivers/built-in.o
                0x0000000060816504                mmc_set_clock
 .text.mmc_startup
                0x0000000060816534      0xc44 drivers/built-in.o
 .text.mmc_dump_capabilities
                0x0000000060817178        0x4 drivers/built-in.o
                0x0000000060817178                mmc_dump_capabilities
 .text.board_mmc_power_init
                0x000000006081717c        0x4 drivers/built-in.o
                0x000000006081717c                board_mmc_power_init
 .text.mmc_get_op_cond
                0x0000000060817180      0x240 drivers/built-in.o
                0x0000000060817180                mmc_get_op_cond
 .text.mmc_start_init
                0x00000000608173c0       0x6c drivers/built-in.o
                0x00000000608173c0                mmc_start_init
 .text.mmc_init
                0x000000006081742c       0xfc drivers/built-in.o
                0x000000006081742c                mmc_init
 .text.mmc_set_dsr
                0x0000000060817528        0xc drivers/built-in.o
                0x0000000060817528                mmc_set_dsr
 .text.board_mmc_init
                0x0000000060817534        0x8 drivers/built-in.o
                0x0000000060817534                board_mmc_init
 .text.mmc_initialize
                0x000000006081753c       0x5c drivers/built-in.o
                0x000000006081753c                mmc_initialize
 .text.mmc_berase
                0x0000000060817598      0x1b4 drivers/built-in.o
                0x0000000060817598                mmc_berase
 .text.mmc_bwrite
                0x000000006081774c      0x18c drivers/built-in.o
                0x000000006081774c                mmc_bwrite
 .text.find_mmc_device
                0x00000000608178d8       0x4c drivers/built-in.o
                0x00000000608178d8                find_mmc_device
 .text.mmc_select_hwpartp
                0x0000000060817924       0x54 drivers/built-in.o
 .text.mmc_get_dev
                0x0000000060817978       0x30 drivers/built-in.o
 .text.mmc_get_next_devnum
                0x00000000608179a8       0x18 drivers/built-in.o
                0x00000000608179a8                mmc_get_next_devnum
 .text.mmc_get_blk_desc
                0x00000000608179c0        0x8 drivers/built-in.o
                0x00000000608179c0                mmc_get_blk_desc
 .text.get_mmc_num
                0x00000000608179c8       0x10 drivers/built-in.o
                0x00000000608179c8                get_mmc_num
 .text.mmc_do_preinit
                0x00000000608179d8       0x3c drivers/built-in.o
                0x00000000608179d8                mmc_do_preinit
 .text.mmc_list_init
                0x0000000060817a14       0x24 drivers/built-in.o
                0x0000000060817a14                mmc_list_init
 .text.mmc_list_add
                0x0000000060817a38       0x24 drivers/built-in.o
                0x0000000060817a38                mmc_list_add
 .text.print_mmc_devices
                0x0000000060817a5c       0xc0 drivers/built-in.o
                0x0000000060817a5c                print_mmc_devices
 .text.mmc_create
                0x0000000060817b1c       0xd4 drivers/built-in.o
                0x0000000060817b1c                mmc_create
 .text.mmc_host_reset
                0x0000000060817bf0       0x1c drivers/built-in.o
 .text.host_set_ios
                0x0000000060817c0c      0x100 drivers/built-in.o
 .text.do_command
                0x0000000060817d0c      0x148 drivers/built-in.o
 .text.host_request
                0x0000000060817e54      0x3b0 drivers/built-in.o
 .text.arm_pl180_mmci_init
                0x0000000060818204       0xb4 drivers/built-in.o
                0x0000000060818204                arm_pl180_mmci_init
 .text.flash_get_info
                0x00000000608182b8       0x74 drivers/mtd/built-in.o
 .text.flash_make_cmd
                0x000000006081832c       0x58 drivers/mtd/built-in.o
 .text.flash_write_cmd
                0x0000000060818384       0x8c drivers/mtd/built-in.o
 .text.flash_unlock_seq
                0x0000000060818410       0x30 drivers/mtd/built-in.o
 .text.flash_isequal
                0x0000000060818440       0xb0 drivers/mtd/built-in.o
 .text.flash_isset
                0x00000000608184f0       0xb8 drivers/mtd/built-in.o
 .text.find_sector
                0x00000000608185a8       0x98 drivers/mtd/built-in.o
 .text.cfi_reverse_geometry
                0x0000000060818640       0xac drivers/mtd/built-in.o
 .text.flash_add_byte.isra.3
                0x00000000608186ec       0x90 drivers/mtd/built-in.o
 .text.flash_status_check
                0x000000006081877c      0x1cc drivers/mtd/built-in.o
 .text.flash_full_status_check
                0x0000000060818948      0x170 drivers/mtd/built-in.o
 .text.flash_write_cfiword
                0x0000000060818ab8      0x1f4 drivers/mtd/built-in.o
 .text.cfi_flash_bank_addr
                0x0000000060818cac       0x24 drivers/mtd/built-in.o
                0x0000000060818cac                cfi_flash_bank_addr
 .text.cfi_flash_bank_size
                0x0000000060818cd0        0x8 drivers/mtd/built-in.o
                0x0000000060818cd0                cfi_flash_bank_size
 .text.flash_sector_size
                0x0000000060818cd8       0x34 drivers/mtd/built-in.o
                0x0000000060818cd8                flash_sector_size
 .text.flash_erase
                0x0000000060818d0c      0x1c0 drivers/mtd/built-in.o
                0x0000000060818d0c                flash_erase
 .text.flash_print_info
                0x0000000060818ecc      0x290 drivers/mtd/built-in.o
                0x0000000060818ecc                flash_print_info
 .text.write_buff
                0x000000006081915c      0x648 drivers/mtd/built-in.o
                0x000000006081915c                write_buff
 .text.flash_real_protect
                0x00000000608197a4      0x390 drivers/mtd/built-in.o
                0x00000000608197a4                flash_real_protect
 .text.__flash_cmd_reset
                0x0000000060819b34       0x38 drivers/mtd/built-in.o
                0x0000000060819b34                flash_cmd_reset
 .text.flash_get_size
                0x0000000060819b6c      0xabc drivers/mtd/built-in.o
                0x0000000060819b6c                flash_get_size
 .text.flash_init
                0x000000006081a628      0x180 drivers/mtd/built-in.o
                0x000000006081a628                flash_init
 .text.__smc911x_reg_read
                0x000000006081a7a8        0xc drivers/net/built-in.o
                0x000000006081a7a8                pkt_data_pull
                0x000000006081a7a8                smc911x_reg_read
 .text.__smc911x_reg_write
                0x000000006081a7b4        0xc drivers/net/built-in.o
                0x000000006081a7b4                pkt_data_push
                0x000000006081a7b4                smc911x_reg_write
 .text.smc911x_set_mac_csr
                0x000000006081a7c0       0x5c drivers/net/built-in.o
 .text.smc911x_handle_mac_address
                0x000000006081a81c       0x5c drivers/net/built-in.o
 .text.smc911x_rx
                0x000000006081a878       0xa4 drivers/net/built-in.o
 .text.smc911x_send
                0x000000006081a91c      0x108 drivers/net/built-in.o
 .text.smc911x_reset
                0x000000006081aa24       0xf8 drivers/net/built-in.o
 .text.smc911x_halt
                0x000000006081ab1c       0x18 drivers/net/built-in.o
 .text.smc911x_get_mac_csr
                0x000000006081ab34       0x54 drivers/net/built-in.o
 .text.smc911x_eth_phy_write
                0x000000006081ab88       0x68 drivers/net/built-in.o
 .text.smc911x_miiphy_write
                0x000000006081abf0       0x3c drivers/net/built-in.o
 .text.smc911x_eth_phy_read
                0x000000006081ac2c       0x6c drivers/net/built-in.o
 .text.smc911x_miiphy_read
                0x000000006081ac98       0x48 drivers/net/built-in.o
 .text.smc911x_init
                0x000000006081ace0      0x160 drivers/net/built-in.o
 .text.smc911x_initialize
                0x000000006081ae40      0x1bc drivers/net/built-in.o
                0x000000006081ae40                smc911x_initialize
 .text.serial_stub_start
                0x000000006081affc        0xc drivers/serial/built-in.o
 .text.serial_stub_stop
                0x000000006081b008        0xc drivers/serial/built-in.o
 .text.serial_stub_putc
                0x000000006081b014       0x10 drivers/serial/built-in.o
 .text.serial_stub_puts
                0x000000006081b024       0x10 drivers/serial/built-in.o
 .text.serial_stub_getc
                0x000000006081b034        0xc drivers/serial/built-in.o
 .text.serial_stub_tstc
                0x000000006081b040        0xc drivers/serial/built-in.o
 .text.get_current
                0x000000006081b04c       0x40 drivers/serial/built-in.o
 .text.serial_null
                0x000000006081b08c        0x4 drivers/serial/built-in.o
                0x000000006081b08c                ns16550_serial_initialize
                0x000000006081b08c                sh_serial_initialize
                0x000000006081b08c                mcf_serial_initialize
                0x000000006081b08c                mpc85xx_serial_initialize
                0x000000006081b08c                pxa_serial_initialize
                0x000000006081b08c                atmel_serial_initialize
                0x000000006081b08c                mxc_serial_initialize
                0x000000006081b08c                mpc8xx_serial_initialize
 .text.serial_register
                0x000000006081b090       0x18 drivers/serial/built-in.o
                0x000000006081b090                serial_register
 .text.serial_stdio_init
                0x000000006081b0a8       0xa4 drivers/serial/built-in.o
                0x000000006081b0a8                serial_stdio_init
 .text.serial_assign
                0x000000006081b14c       0x4c drivers/serial/built-in.o
                0x000000006081b14c                serial_assign
 .text.serial_initialize
                0x000000006081b198       0x34 drivers/serial/built-in.o
                0x000000006081b198                serial_initialize
 .text.serial_init
                0x000000006081b1cc       0x20 drivers/serial/built-in.o
                0x000000006081b1cc                serial_init
 .text.serial_setbrg
                0x000000006081b1ec       0x14 drivers/serial/built-in.o
                0x000000006081b1ec                serial_setbrg
 .text.on_baudrate
                0x000000006081b200       0xf0 drivers/serial/built-in.o
 .text.serial_getc
                0x000000006081b2f0       0x14 drivers/serial/built-in.o
                0x000000006081b2f0                serial_getc
 .text.serial_tstc
                0x000000006081b304       0x14 drivers/serial/built-in.o
                0x000000006081b304                serial_tstc
 .text.serial_putc
                0x000000006081b318       0x1c drivers/serial/built-in.o
                0x000000006081b318                serial_putc
 .text.serial_puts
                0x000000006081b334       0x1c drivers/serial/built-in.o
                0x000000006081b334                serial_puts
 .text.default_serial_puts
                0x000000006081b350       0x30 drivers/serial/built-in.o
                0x000000006081b350                default_serial_puts
 .text.pl01x_serial_getc
                0x000000006081b380       0x3c drivers/serial/built-in.o
 .text.pl01x_serial_tstc
                0x000000006081b3bc       0x20 drivers/serial/built-in.o
 .text.pl01x_serial_init_baud
                0x000000006081b3dc      0x134 drivers/serial/built-in.o
 .text.pl01x_serial_init
                0x000000006081b510       0x14 drivers/serial/built-in.o
                0x000000006081b510                pl01x_serial_init
 .text.pl01x_serial_setbrg
                0x000000006081b524       0x3c drivers/serial/built-in.o
 .text.pl01x_serial_putc
                0x000000006081b560       0x50 drivers/serial/built-in.o
 .text.pl01x_serial_initialize
                0x000000006081b5b0        0xc drivers/serial/built-in.o
                0x000000006081b5b0                pl01x_serial_initialize
 .text.default_serial_console
                0x000000006081b5bc        0xc drivers/serial/built-in.o
                0x000000006081b5bc                default_serial_console
 .text.env_get_yesno
                0x000000006081b5c8       0x3c env/built-in.o
                0x000000006081b5c8                env_get_yesno
 .text.env_get_default
                0x000000006081b604       0x30 env/built-in.o
                0x000000006081b604                env_get_default
 .text.set_default_env
                0x000000006081b634       0x98 env/built-in.o
                0x000000006081b634                set_default_env
 .text.set_default_vars
                0x000000006081b6cc       0x3c env/built-in.o
                0x000000006081b6cc                set_default_vars
 .text.env_import
                0x000000006081b708       0xcc env/built-in.o
                0x000000006081b708                env_import
 .text.env_export
                0x000000006081b7d4       0x8c env/built-in.o
                0x000000006081b7d4                env_export
 .text.env_relocate
                0x000000006081b860       0x34 env/built-in.o
                0x000000006081b860                env_relocate
 .text.env_complete
                0x000000006081b894       0xf0 env/built-in.o
                0x000000006081b894                env_complete
 .text.env_get_location
                0x000000006081b984       0x18 env/built-in.o
                0x000000006081b984                env_get_location
 .text.env_driver_lookup
                0x000000006081b99c       0x44 env/built-in.o
 .text.env_get_char_spec
                0x000000006081b9e0        0xc env/built-in.o
                0x000000006081b9e0                env_get_char_spec
 .text.env_get_char
                0x000000006081b9ec       0x20 env/built-in.o
                0x000000006081b9ec                env_get_char
 .text.env_load
                0x000000006081ba0c       0x90 env/built-in.o
                0x000000006081ba0c                env_load
 .text.env_save
                0x000000006081ba9c       0x84 env/built-in.o
                0x000000006081ba9c                env_save
 .text.env_init
                0x000000006081bb20       0x88 env/built-in.o
                0x000000006081bb20                env_init
 .text.regex_callback
                0x000000006081bba8      0x13c env/built-in.o
 .text.env_attr_walk
                0x000000006081bce4      0x120 env/built-in.o
                0x000000006081bce4                env_attr_walk
 .text.env_attr_lookup
                0x000000006081be04       0x7c env/built-in.o
                0x000000006081be04                env_attr_lookup
 .text.clear_callback
                0x000000006081be80       0x10 env/built-in.o
 .text.find_env_callback
                0x000000006081be90       0x60 env/built-in.o
 .text.on_callbacks
                0x000000006081bef0       0x50 env/built-in.o
 .text.set_callback
                0x000000006081bf40       0x98 env/built-in.o
 .text.env_callback_init
                0x000000006081bfd8       0xc4 env/built-in.o
                0x000000006081bfd8                env_callback_init
 .text.skip_num
                0x000000006081c09c       0x94 env/built-in.o
 .text.clear_flags
                0x000000006081c130       0x10 env/built-in.o
 .text.on_flags
                0x000000006081c140       0x50 env/built-in.o
 .text.env_flags_parse_vartype
                0x000000006081c190       0x50 env/built-in.o
                0x000000006081c190                env_flags_parse_vartype
 .text.env_flags_parse_varaccess
                0x000000006081c1e0       0x50 env/built-in.o
                0x000000006081c1e0                env_flags_parse_varaccess
 .text.set_flags
                0x000000006081c230       0xb0 env/built-in.o
 .text.eth_validate_ethaddr_str
                0x000000006081c2e0       0x94 env/built-in.o
                0x000000006081c2e0                eth_validate_ethaddr_str
 .text.env_flags_init
                0x000000006081c374       0xd8 env/built-in.o
                0x000000006081c374                env_flags_init
 .text.env_flags_validate
                0x000000006081c44c      0x288 env/built-in.o
                0x000000006081c44c                env_flags_validate
 .text.env_flash_init
                0x000000006081c6d4       0x64 env/built-in.o
 .text.env_flash_save
                0x000000006081c738       0xb0 env/built-in.o
 .text.env_flash_load
                0x000000006081c7e8       0x10 env/built-in.o
 .text.fs_probe_unsupported
                0x000000006081c7f8       0x18 fs/built-in.o
 .text.fs_exists_unsupported
                0x000000006081c810        0x8 fs/built-in.o
 .text.fs_size_unsupported
                0x000000006081c818        0x8 fs/built-in.o
 .text.fs_write_unsupported
                0x000000006081c820        0x8 fs/built-in.o
 .text.fs_close_unsupported
                0x000000006081c828        0x4 fs/built-in.o
 .text.fs_uuid_unsupported
                0x000000006081c82c        0x8 fs/built-in.o
 .text.fs_opendir_unsupported
                0x000000006081c834        0x8 fs/built-in.o
 .text.fs_get_info
                0x000000006081c83c       0x34 fs/built-in.o
 .text.fs_close
                0x000000006081c870       0x28 fs/built-in.o
 .text.fs_read_unsupported
                0x000000006081c898        0x8 fs/built-in.o
 .text.fs_ls_unsupported
                0x000000006081c8a0        0x8 fs/built-in.o
 .text.fs_set_blk_dev
                0x000000006081c8a8       0xc4 fs/built-in.o
                0x000000006081c8a8                fs_set_blk_dev
 .text.fs_set_blk_dev_with_part
                0x000000006081c96c       0x94 fs/built-in.o
                0x000000006081c96c                fs_set_blk_dev_with_part
 .text.fs_ls    0x000000006081ca00       0x3c fs/built-in.o
                0x000000006081ca00                fs_ls
 .text.fs_exists
                0x000000006081ca3c       0x34 fs/built-in.o
                0x000000006081ca3c                fs_exists
 .text.fs_size  0x000000006081ca70       0x3c fs/built-in.o
                0x000000006081ca70                fs_size
 .text.fs_read  0x000000006081caac       0x60 fs/built-in.o
                0x000000006081caac                fs_read
 .text.fs_write
                0x000000006081cb0c       0x90 fs/built-in.o
                0x000000006081cb0c                fs_write
 .text.fs_opendir
                0x000000006081cb9c       0x7c fs/built-in.o
                0x000000006081cb9c                fs_opendir
 .text.fs_readdir
                0x000000006081cc18       0x5c fs/built-in.o
                0x000000006081cc18                fs_readdir
 .text.fs_closedir
                0x000000006081cc74       0x38 fs/built-in.o
                0x000000006081cc74                fs_closedir
 .text.fs_ls_generic
                0x000000006081ccac       0xac fs/built-in.o
 .text.do_size  0x000000006081cd58       0x60 fs/built-in.o
                0x000000006081cd58                do_size
 .text.do_load  0x000000006081cdb8      0x244 fs/built-in.o
                0x000000006081cdb8                do_load
 .text.do_ls    0x000000006081cffc       0x68 fs/built-in.o
                0x000000006081cffc                do_ls
 .text.file_exists
                0x000000006081d064       0x2c fs/built-in.o
                0x000000006081d064                file_exists
 .text.do_save  0x000000006081d090      0x178 fs/built-in.o
                0x000000006081d090                do_save
 .text.do_fs_type
                0x000000006081d208       0x70 fs/built-in.o
                0x000000006081d208                do_fs_type
 .text.get_fs   0x000000006081d278        0xc fs/built-in.o
                0x000000006081d278                get_fs
 .text.ext4fs_free_node
                0x000000006081d284       0x20 fs/built-in.o
                0x000000006081d284                ext4fs_free_node
 .text.ext4fs_read_file
                0x000000006081d2a4      0x388 fs/built-in.o
                0x000000006081d2a4                ext4fs_read_file
 .text.ext4fs_ls
                0x000000006081d62c       0x98 fs/built-in.o
                0x000000006081d62c                ext4fs_ls
 .text.ext4fs_exists
                0x000000006081d6c4       0x1c fs/built-in.o
                0x000000006081d6c4                ext4fs_exists
 .text.ext4fs_size
                0x000000006081d6e0        0x4 fs/built-in.o
                0x000000006081d6e0                ext4fs_size
 .text.ext4fs_read
                0x000000006081d6e4       0x5c fs/built-in.o
                0x000000006081d6e4                ext4fs_read
 .text.ext4fs_probe
                0x000000006081d740       0x30 fs/built-in.o
                0x000000006081d740                ext4fs_probe
 .text.ext4_read_file
                0x000000006081d770       0x70 fs/built-in.o
                0x000000006081d770                ext4_read_file
 .text.ext4fs_uuid
                0x000000006081d7e0       0x38 fs/built-in.o
                0x000000006081d7e0                ext4fs_uuid
 .text.ext4fs_bg_get_inode_table_id
                0x000000006081d818       0x40 fs/built-in.o
                0x000000006081d818                ext4fs_bg_get_inode_table_id
 .text.ext4fs_read_inode
                0x000000006081d858      0x154 fs/built-in.o
                0x000000006081d858                ext4fs_read_inode
 .text.read_allocated_block
                0x000000006081d9ac      0x8c8 fs/built-in.o
                0x000000006081d9ac                read_allocated_block
 .text.ext4fs_reinit_global
                0x000000006081e274       0xbc fs/built-in.o
                0x000000006081e274                ext4fs_reinit_global
 .text.ext4fs_close
                0x000000006081e330       0x5c fs/built-in.o
                0x000000006081e330                ext4fs_close
 .text.ext4fs_iterate_dir
                0x000000006081e38c      0x2c0 fs/built-in.o
                0x000000006081e38c                ext4fs_iterate_dir
 .text.ext4fs_find_file1
                0x000000006081e64c      0x2b8 fs/built-in.o
 .text.ext4fs_find_file
                0x000000006081e904       0x78 fs/built-in.o
                0x000000006081e904                ext4fs_find_file
 .text.ext4fs_open
                0x000000006081e97c       0xac fs/built-in.o
                0x000000006081e97c                ext4fs_open
 .text.ext4fs_mount
                0x000000006081ea28       0xe4 fs/built-in.o
                0x000000006081ea28                ext4fs_mount
 .text.ext4fs_set_blk_dev
                0x000000006081eb0c       0x60 fs/built-in.o
                0x000000006081eb0c                ext4fs_set_blk_dev
 .text.ext4fs_devread
                0x000000006081eb6c       0x40 fs/built-in.o
                0x000000006081eb6c                ext4fs_devread
 .text.ext4_read_superblock
                0x000000006081ebac       0x38 fs/built-in.o
                0x000000006081ebac                ext4_read_superblock
 .text.downcase
                0x000000006081ebe4       0x3c fs/built-in.o
 .text.disk_read
                0x000000006081ec20       0x60 fs/built-in.o
 .text.get_fatent
                0x000000006081ec80      0x174 fs/built-in.o
 .text.next_dent
                0x000000006081edf4      0x138 fs/built-in.o
 .text.get_cluster
                0x000000006081ef2c      0x16c fs/built-in.o
 .text.read_bootsectandvi
                0x000000006081f098      0x124 fs/built-in.o
 .text.fat_itr_root
                0x000000006081f1bc      0x154 fs/built-in.o
 .text.fat_itr_next
                0x000000006081f310      0x298 fs/built-in.o
 .text.fat_itr_resolve
                0x000000006081f5a8      0x180 fs/built-in.o
 .text.fat_set_blk_dev
                0x000000006081f728       0xcc fs/built-in.o
                0x000000006081f728                fat_set_blk_dev
 .text.file_fat_detectfs
                0x000000006081f7f4      0x148 fs/built-in.o
                0x000000006081f7f4                file_fat_detectfs
 .text.fat_exists
                0x000000006081f93c       0x6c fs/built-in.o
                0x000000006081f93c                fat_exists
 .text.fat_size
                0x000000006081f9a8       0xb8 fs/built-in.o
                0x000000006081f9a8                fat_size
 .text.file_fat_read_at
                0x000000006081fa60      0x3cc fs/built-in.o
                0x000000006081fa60                file_fat_read_at
 .text.fat_read_file
                0x000000006081fe2c       0x48 fs/built-in.o
                0x000000006081fe2c                fat_read_file
 .text.fat_opendir
                0x000000006081fe74       0x80 fs/built-in.o
                0x000000006081fe74                fat_opendir
 .text.fat_readdir
                0x000000006081fef4       0x78 fs/built-in.o
                0x000000006081fef4                fat_readdir
 .text.fat_closedir
                0x000000006081ff6c       0x1c fs/built-in.o
                0x000000006081ff6c                fat_closedir
 .text.fat_close
                0x000000006081ff88        0x4 fs/built-in.o
                0x000000006081ff88                fat_close
 .text.fs_devread
                0x000000006081ff8c      0x230 fs/built-in.o
                0x000000006081ff8c                fs_devread
 .text.efi_uc_destroy
                0x00000000608201bc       0x18 lib/built-in.o
 .text.efi_uc_init
                0x00000000608201d4       0x18 lib/built-in.o
 .text.check_node_type
                0x00000000608201ec       0x8c lib/built-in.o
 .text.efi_uc_start
                0x0000000060820278       0xd8 lib/built-in.o
 .text.efi_uc_supported
                0x0000000060820350       0xc0 lib/built-in.o
 .text.disconnect_child
                0x0000000060820410       0x70 lib/built-in.o
 .text.efi_uc_stop
                0x0000000060820480      0x154 lib/built-in.o
 .text.efi_driver_init
                0x00000000608205d4      0x110 lib/built-in.o
                0x00000000608205d4                efi_driver_init
 .text.efi_set_code_and_data_type
                0x00000000608206e4       0x88 lib/built-in.o
 .text.efi_print_image_info
                0x000000006082076c       0xa0 lib/built-in.o
                0x000000006082076c                efi_print_image_info
 .text.efi_print_image_infos
                0x000000006082080c       0x6c lib/built-in.o
                0x000000006082080c                efi_print_image_infos
 .text.efi_load_pe
                0x0000000060820878      0x3bc lib/built-in.o
                0x0000000060820878                efi_load_pe
 .text.efi_is_event
                0x0000000060820c34       0x40 lib/built-in.o
 .text.__efi_entry_check
                0x0000000060820c74       0x38 lib/built-in.o
                0x0000000060820c74                __efi_entry_check
 .text.__efi_exit_check
                0x0000000060820cac       0x2c lib/built-in.o
                0x0000000060820cac                __efi_exit_check
 .text.efi_queue_event
                0x0000000060820cd8       0x60 lib/built-in.o
 .text.efi_set_mem
                0x0000000060820d38       0x28 lib/built-in.o
 .text.efi_copy_mem
                0x0000000060820d60       0x24 lib/built-in.o
 .text.efi_calculate_crc32
                0x0000000060820d84       0x30 lib/built-in.o
 .text.efi_set_watchdog_timer
                0x0000000060820db4       0x24 lib/built-in.o
 .text.efi_stall
                0x0000000060820dd8       0x20 lib/built-in.o
 .text.efi_get_next_monotonic_count
                0x0000000060820df8       0x34 lib/built-in.o
 .text.efi_start_image
                0x0000000060820e2c       0xac lib/built-in.o
 .text.efi_register_protocol_notify
                0x0000000060820ed8       0x14 lib/built-in.o
 .text.efi_close_event
                0x0000000060820eec       0x50 lib/built-in.o
 .text.efi_free_pool_ext
                0x0000000060820f3c       0x24 lib/built-in.o
 .text.efi_allocate_pool_ext
                0x0000000060820f60       0x2c lib/built-in.o
 .text.efi_get_memory_map_ext
                0x0000000060820f8c       0x40 lib/built-in.o
 .text.efi_free_pages_ext
                0x0000000060820fcc       0x34 lib/built-in.o
 .text.efi_allocate_pages_ext
                0x0000000060821000       0x34 lib/built-in.o
 .text.efi_raise_tpl
                0x0000000060821034       0x34 lib/built-in.o
 .text.efi_save_gd
                0x0000000060821068       0x10 lib/built-in.o
                0x0000000060821068                efi_save_gd
 .text.efi_restore_gd
                0x0000000060821078       0x18 lib/built-in.o
                0x0000000060821078                efi_restore_gd
 .text.efi_exit
                0x0000000060821090       0x24 lib/built-in.o
 .text.is_valid_tpl
                0x00000000608210b4       0x2c lib/built-in.o
                0x00000000608210b4                is_valid_tpl
 .text.efi_signal_event
                0x00000000608210e0       0xf8 lib/built-in.o
                0x00000000608210e0                efi_signal_event
 .text.efi_exit_boot_services
                0x00000000608211d8      0x120 lib/built-in.o
 .text.efi_signal_event_ext
                0x00000000608212f8       0x40 lib/built-in.o
 .text.efi_add_handle
                0x0000000060821338       0x38 lib/built-in.o
                0x0000000060821338                efi_add_handle
 .text.efi_create_handle
                0x0000000060821370       0x38 lib/built-in.o
                0x0000000060821370                efi_create_handle
 .text.efi_create_event
                0x00000000608213a8      0x104 lib/built-in.o
                0x00000000608213a8                efi_create_event
 .text.efi_create_event_ex
                0x00000000608214ac       0x48 lib/built-in.o
                0x00000000608214ac                efi_create_event_ex
 .text.efi_create_event_ext
                0x00000000608214f4       0x48 lib/built-in.o
 .text.efi_timer_check
                0x000000006082153c       0xa4 lib/built-in.o
                0x000000006082153c                efi_timer_check
 .text.efi_check_event
                0x00000000608215e0       0x7c lib/built-in.o
 .text.efi_wait_for_event
                0x000000006082165c       0xe4 lib/built-in.o
 .text.efi_restore_tpl
                0x0000000060821740       0x30 lib/built-in.o
 .text.efi_set_timer
                0x0000000060821770       0xe4 lib/built-in.o
                0x0000000060821770                efi_set_timer
 .text.efi_set_timer_ext
                0x0000000060821854       0x34 lib/built-in.o
 .text.efi_search_obj