cfi_flash.c:181:22:flash_get_info	0	static
cfi_flash.c:224:13:flash_make_cmd	32	static
cfi_flash.c:356:13:flash_write_cmd	24	static
cfi_flash.c:404:13:flash_unlock_seq	16	static
cfi_flash.c:412:12:flash_isequal	24	static
cfi_flash.c:460:12:flash_isset	24	static
cfi_flash.c:759:21:find_sector	8	static
cfi_flash.c:1643:13:cfi_reverse_geometry	8	static
cfi_flash.c:713:13:flash_add_byte.isra.3	20	static
cfi_flash.c:568:12:flash_status_check	40	static
cfi_flash.c:607:12:flash_full_status_check	24	static
cfi_flash.c:785:12:flash_write_cfiword	32	static
cfi_flash.c:120:20:cfi_flash_bank_addr	8	static
cfi_flash.c:126:22:cfi_flash_bank_size	0	static
cfi_flash.c:197:15:flash_sector_size	0	static
cfi_flash.c:1055:5:flash_erase	24	static
cfi_flash.c:1205:6:flash_print_info	32	static
cfi_flash.c:1317:5:write_buff	80	static
cfi_flash.c:1479:5:flash_real_protect	32	static
cfi_flash.c:1605:6:flash_read_user_serial	24	static
cfi_flash.c:1623:6:flash_read_factory_serial	24	static
cfi_flash.c:1881:13:__flash_cmd_reset	8	static
cfi_flash.c:2068:7:flash_get_size	120	static
cfi_flash.c:2367:15:flash_init	96	static
